Renderer::Init called with hWnd 0x5580b5756f70
ConfigManagerImpl::CheckDeviceCaps start, _pDevice=0x5580b56cd840
GetDeviceCaps succeeded
Calling GetDirect3D...
GetDirect3D returned hr=00000000, p=0x5580b54a5020
Calling GetAdapterIdentifier...
GetAdapterIdentifier returned hr=00000000
Checking formats...
Formats checked
Checking R2VB support...
R2VB check finished
Creating ConfigDatabase...
ConfigDatabase created
ConfigDatabase loaded and released
Renderer::OnDeviceChanged start
Getting depth stencil surface...
Depth surface: 0x5580b56d1f20
Getting render target 0...
Color surface: 0x5580b56d1fa0
Creating query...
Query: 0x5580b54a4020
Renderer::OnDeviceChanged finished
CreateVertexFormatDeclaration returning decl_d3d=0x5580b56cfe90
GetVertexFormatDeclaration after Create: newDecl=0x5580b56cfe90
GetVertexFormatDeclaration caching 0x5580b56cfe90
