Renderer::Init called with hWnd 0x558016d0f0f0
ConfigManagerImpl::CheckDeviceCaps start, _pDevice=0x558016c859f0
GetDeviceCaps succeeded
Calling GetDirect3D...
GetDirect3D returned hr=00000000, p=0x558016a5c1b0
Calling GetAdapterIdentifier...
GetAdapterIdentifier returned hr=00000000
Checking formats...
Formats checked
Checking R2VB support...
R2VB check finished
Creating ConfigDatabase...
ConfigDatabase created
ConfigDatabase loaded and released
Renderer::OnDeviceChanged start
Getting depth stencil surface...
Depth surface: 0x558016a5c4c0
Getting render target 0...
Color surface: 0x558016c880a0
Creating query...
Query: 0x558016a5d1c0
Renderer::OnDeviceChanged finished
CreateVertexFormatDeclaration returning decl_d3d=0x558016c87ff0
GetVertexFormatDeclaration after Create: newDecl=0x558016c87ff0
GetVertexFormatDeclaration caching 0x558016c87ff0
