Renderer::Init called with hWnd 0x558af1de4b30
ConfigManagerImpl::CheckDeviceCaps start, _pDevice=0x558af206aa10
GetDeviceCaps succeeded
Calling GetDirect3D...
GetDirect3D returned hr=00000000, p=0x558af1e42880
Calling GetAdapterIdentifier...
GetAdapterIdentifier returned hr=00000000
Checking formats...
Formats checked
Checking R2VB support...
R2VB check finished
Creating ConfigDatabase...
ConfigDatabase created
ConfigDatabase loaded and released
Renderer::OnDeviceChanged start
Getting depth stencil surface...
Depth surface: 0x558af206d0c0
Getting render target 0...
Color surface: 0x558af206f170
Creating query...
Query: 0x558af1e41910
Renderer::OnDeviceChanged finished
CreateVertexFormatDeclaration returning decl_d3d=0x558af206cff0
GetVertexFormatDeclaration after Create: newDecl=0x558af206cff0
GetVertexFormatDeclaration caching 0x558af206cff0
