This file contains any messages produced by compilers while
running configure, to aid debugging if configure makes a mistake.

It was created by ACE configure 5.7, which was
generated by GNU Autoconf 2.72.  Invocation command line was

  $ ./configure --disable-tests --disable-samples

## --------- ##
## Platform. ##
## --------- ##

hostname = rekon-System-Product-Name
uname -m = x86_64
uname -r = 7.0.0-27-generic
uname -s = Linux
uname -v = #27-Ubuntu SMP PREEMPT_DYNAMIC Thu Jun 18 19:13:49 UTC 2026

/usr/bin/uname -p = unknown
/bin/uname -X     = unknown

/bin/arch              = x86_64
/usr/bin/arch -k       = unknown
/usr/convex/getsysinfo = unknown
/usr/bin/hostinfo      = unknown
/bin/machine           = unknown
/usr/bin/oslevel       = unknown
/bin/universe          = unknown

PATH: /home/rekon/.pi/agent/bin/
PATH: /home/rekon/.pi/dashboard/openspec-shim/
PATH: /home/rekon/.pi-dashboard/node_modules/.bin/
PATH: /home/rekon/graalvm-jdk-21.0.11+9.1/bin/
PATH: /home/rekon/.vscode-server/cli/servers/Stable-e4c7e7b1d6d060162f4aa7f8225271b67ce1df75/server/bin/remote-cli/
PATH: /home/rekon/.local/bin/
PATH: /home/rekon/graalvm-jdk-21.0.11+9.1/bin/
PATH: /usr/local/sbin/
PATH: /usr/local/bin/
PATH: /usr/sbin/
PATH: /usr/bin/
PATH: /sbin/
PATH: /bin/
PATH: /usr/games/
PATH: /usr/local/games/
PATH: /snap/bin/


## ----------- ##
## Core tests. ##
## ----------- ##

configure:3692: looking for aux files: ltmain.sh compile missing install-sh config.guess config.sub
configure:3705:  trying ./aux_config/
configure:3734:   ./aux_config/ltmain.sh found
configure:3734:   ./aux_config/compile found
configure:3734:   ./aux_config/missing found
configure:3716:   ./aux_config/install-sh found
configure:3734:   ./aux_config/config.guess found
configure:3734:   ./aux_config/config.sub found
configure:3868: checking build system type
configure:3884: result: x86_64-pc-linux-gnu
configure:3904: checking host system type
configure:3919: result: x86_64-pc-linux-gnu
configure:3939: checking target system type
configure:3954: result: x86_64-pc-linux-gnu
configure:3998: checking for a BSD-compatible install
configure:4072: result: /usr/bin/install -c
configure:4083: checking whether sleep supports fractional seconds
configure:4099: result: yes
configure:4102: checking filesystem timestamp resolution
configure:4237: result: 0.01
configure:4242: checking whether build environment is sane
configure:4287: result: yes
configure:4458: checking for a race-free mkdir -p
configure:4501: result: /usr/bin/mkdir -p
configure:4508: checking for gawk
configure:4544: result: no
configure:4508: checking for mawk
configure:4529: found /usr/bin/mawk
configure:4541: result: mawk
configure:4552: checking whether make sets $(MAKE)
configure:4576: result: yes
configure:4602: checking whether make supports nested variables
configure:4621: result: yes
configure:4635: checking xargs -n works
configure:4651: result: yes
configure:4731: checking whether UID '1000' is supported by ustar format
configure:4737: result: yes
configure:4744: checking whether GID '1000' is supported by ustar format
configure:4750: result: yes
configure:4758: checking how to create a ustar tar archive
configure:4769: tar --version
tar (GNU tar) 1.35
Copyright (C) 2023 Free Software Foundation, Inc.
License GPLv3+: GNU GPL version 3 or later <https://gnu.org/licenses/gpl.html>.
This is free software: you are free to change and redistribute it.
There is NO WARRANTY, to the extent permitted by law.

Written by John Gilmore and Jay Fenlason.
configure:4772: $? = 0
configure:4812: tardir=conftest.dir && eval tar --format=ustar -chf - "$tardir" >conftest.tar
configure:4815: $? = 0
configure:4819: tar -xf - <conftest.tar
configure:4822: $? = 0
configure:4824: cat conftest.dir/file
GrepMe
configure:4827: $? = 0
configure:4842: result: gnutar
configure:4874: checking for grep that handles long lines and -e
configure:4940: result: /usr/bin/grep
configure:4945: checking for egrep
configure:5015: result: /usr/bin/grep -E
configure:5026: error: 
      Please configure and build in a directory other than the
      top-level source directory.  Doing so will prevent files
      distributed with the package from being overwritten.  This is
      currently necessary since autoconf support is still
      experimental.  If you encounter problems please use the stock
      build procedure.

      For example, try the following from the top-level source
      directory:

          mkdir objdir
          cd objdir
          ../configure
          make

      This will create a build space in the directory `objdir' and
      start a build in that directory.
     

## ---------------- ##
## Cache variables. ##
## ---------------- ##

ac_cv_build=x86_64-pc-linux-gnu
ac_cv_env_CCC_set=
ac_cv_env_CCC_value=
ac_cv_env_CC_set=
ac_cv_env_CC_value=
ac_cv_env_CFLAGS_set=
ac_cv_env_CFLAGS_value=
ac_cv_env_CPPFLAGS_set=
ac_cv_env_CPPFLAGS_value=
ac_cv_env_CXXCPP_set=
ac_cv_env_CXXCPP_value=
ac_cv_env_CXXFLAGS_set=
ac_cv_env_CXXFLAGS_value=
ac_cv_env_CXX_set=
ac_cv_env_CXX_value=
ac_cv_env_LDFLAGS_set=
ac_cv_env_LDFLAGS_value=
ac_cv_env_LIBS_set=
ac_cv_env_LIBS_value=
ac_cv_env_LT_SYS_LIBRARY_PATH_set=
ac_cv_env_LT_SYS_LIBRARY_PATH_value=
ac_cv_env_PKG_CONFIG_set=
ac_cv_env_PKG_CONFIG_value=
ac_cv_env_Qt_CFLAGS_set=
ac_cv_env_Qt_CFLAGS_value=
ac_cv_env_Qt_LIBS_set=
ac_cv_env_Qt_LIBS_value=
ac_cv_env_XMKMF_set=
ac_cv_env_XMKMF_value=
ac_cv_env_YACC_set=
ac_cv_env_YACC_value=
ac_cv_env_YFLAGS_set=
ac_cv_env_YFLAGS_value=
ac_cv_env_build_alias_set=
ac_cv_env_build_alias_value=
ac_cv_env_host_alias_set=
ac_cv_env_host_alias_value=
ac_cv_env_target_alias_set=
ac_cv_env_target_alias_value=
ac_cv_host=x86_64-pc-linux-gnu
ac_cv_path_EGREP='/usr/bin/grep -E'
ac_cv_path_EGREP_TRADITIONAL='/usr/bin/grep -E'
ac_cv_path_GREP=/usr/bin/grep
ac_cv_path_install='/usr/bin/install -c'
ac_cv_path_mkdir=/usr/bin/mkdir
ac_cv_prog_AWK=mawk
ac_cv_prog_make_make_set=yes
ac_cv_target=x86_64-pc-linux-gnu
am_cv_filesystem_timestamp_resolution=0.01
am_cv_make_support_nested_variables=yes
am_cv_prog_tar_ustar=gnutar
am_cv_sleep_fractional_seconds=yes
am_cv_xargs_n_works=yes

## ----------------- ##
## Output variables. ##
## ----------------- ##

ACEXML=''
ACE_BETA=''
ACE_BZIP2_CPPFLAGS=''
ACE_BZIP2_LDFLAGS=''
ACE_BZIP2_LIBS=''
ACE_CROSS_COMPILED_FALSE=''
ACE_CROSS_COMPILED_TRUE=''
ACE_FLTK_CPPFLAGS=''
ACE_FLTK_LIBS=''
ACE_FOX_CPPFLAGS=''
ACE_FOX_LIBS=''
ACE_KERBEROS_INCLUDES=''
ACE_MAJOR=''
ACE_MINOR=''
ACE_ON_PENTIUM_FALSE=''
ACE_ON_PENTIUM_TRUE=''
ACE_QT_CPPFLAGS=''
ACE_QT_LIBS=''
ACE_TCL_CPPFLAGS=''
ACE_TCL_LIBS=''
ACE_TESTS_DIR=''
ACE_TK_CPPFLAGS=''
ACE_TK_LIBS=''
ACE_TLS_CPPFLAGS=''
ACE_TLS_LDFLAGS=''
ACE_TLS_LIBS=''
ACE_VERSION_NAME=''
ACE_X11_CPPFLAGS=''
ACE_X11_LDFLAGS=''
ACE_X11_LIBS=''
ACE_XLIBS=''
ACE_XT_CPPFLAGS=''
ACE_XT_LDFLAGS=''
ACE_XT_LIBS=''
ACE_ZLIB_CPPFLAGS=''
ACE_ZLIB_LDFLAGS=''
ACE_ZLIB_LIBS=''
ACE_ZZIP_CPPFLAGS=''
ACE_ZZIP_LDFLAGS=''
ACE_ZZIP_LIBS=''
ACLOCAL='${SHELL} '\''/home/rekon/PW/prime-world-classic/pw/branches/r1117/Vendor/ACE_wrappers/aux_config/missing'\'' aclocal-1.18'
ALLOCA=''
AMDEPBACKSLASH=''
AMDEP_FALSE=''
AMDEP_TRUE=''
AMTAR='$${TAR-tar}'
AM_BACKSLASH='\'
AM_DEFAULT_V=''
AM_DEFAULT_VERBOSITY='1'
AM_V=''
AR=''
AS=''
ASNMP=''
AUTOCONF='${SHELL} '\''/home/rekon/PW/prime-world-classic/pw/branches/r1117/Vendor/ACE_wrappers/aux_config/missing'\'' autoconf'
AUTOHEADER='${SHELL} '\''/home/rekon/PW/prime-world-classic/pw/branches/r1117/Vendor/ACE_wrappers/aux_config/missing'\'' autoheader'
AUTOMAKE='${SHELL} '\''/home/rekon/PW/prime-world-classic/pw/branches/r1117/Vendor/ACE_wrappers/aux_config/missing'\'' automake-1.18'
AWK='mawk'
BUILD_ACEXML_FALSE=''
BUILD_ACEXML_TRUE=''
BUILD_ACE_CODECS_FALSE=''
BUILD_ACE_CODECS_TRUE=''
BUILD_ACE_FILECACHE_FALSE=''
BUILD_ACE_FILECACHE_TRUE=''
BUILD_ACE_FLREACTOR_FALSE=''
BUILD_ACE_FLREACTOR_TRUE=''
BUILD_ACE_FOR_TAO_FALSE=''
BUILD_ACE_FOR_TAO_TRUE=''
BUILD_ACE_FOXREACTOR_FALSE=''
BUILD_ACE_FOXREACTOR_TRUE=''
BUILD_ACE_OTHER_FALSE=''
BUILD_ACE_OTHER_TRUE=''
BUILD_ACE_QTREACTOR_FALSE=''
BUILD_ACE_QTREACTOR_TRUE=''
BUILD_ACE_TKREACTOR_FALSE=''
BUILD_ACE_TKREACTOR_TRUE=''
BUILD_ACE_TOKEN_FALSE=''
BUILD_ACE_TOKEN_TRUE=''
BUILD_ACE_UUID_FALSE=''
BUILD_ACE_UUID_TRUE=''
BUILD_ACE_XTREACTOR_FALSE=''
BUILD_ACE_XTREACTOR_TRUE=''
BUILD_ATHENA_FALSE=''
BUILD_ATHENA_TRUE=''
BUILD_BZIP2_FALSE=''
BUILD_BZIP2_TRUE=''
BUILD_CODECS_FILES_FALSE=''
BUILD_CODECS_FILES_TRUE=''
BUILD_CONNECTION_FILES_FALSE=''
BUILD_CONNECTION_FILES_TRUE=''
BUILD_DEMUX_FILES_FALSE=''
BUILD_DEMUX_FILES_TRUE=''
BUILD_EXAMPLES_FALSE=''
BUILD_EXAMPLES_TRUE=''
BUILD_EXCEPTIONS_FALSE=''
BUILD_EXCEPTIONS_TRUE=''
BUILD_FILECACHE_FILES_FALSE=''
BUILD_FILECACHE_FILES_TRUE=''
BUILD_FL_FALSE=''
BUILD_FL_TRUE=''
BUILD_FOX_FALSE=''
BUILD_FOX_TRUE=''
BUILD_FULL_LIBRARY_FALSE=''
BUILD_FULL_LIBRARY_TRUE=''
BUILD_GL_FALSE=''
BUILD_GL_TRUE=''
BUILD_GPERF_FALSE=''
BUILD_GPERF_TRUE=''
BUILD_IPC_FILES_FALSE=''
BUILD_IPC_FILES_TRUE=''
BUILD_IPV6_FALSE=''
BUILD_IPV6_TRUE=''
BUILD_LOGGING_FILES_FALSE=''
BUILD_LOGGING_FILES_TRUE=''
BUILD_MEMORY_FILES_FALSE=''
BUILD_MEMORY_FILES_TRUE=''
BUILD_METRICS_FILES_FALSE=''
BUILD_METRICS_FILES_TRUE=''
BUILD_MOTIF_FALSE=''
BUILD_MOTIF_TRUE=''
BUILD_OS_FILES_FALSE=''
BUILD_OS_FILES_TRUE=''
BUILD_OTHER_FILES_FALSE=''
BUILD_OTHER_FILES_TRUE=''
BUILD_QOS_FALSE=''
BUILD_QOS_TRUE=''
BUILD_QT_FALSE=''
BUILD_QT_TRUE=''
BUILD_RWHO_FALSE=''
BUILD_RWHO_TRUE=''
BUILD_SOCKETS_FILES_FALSE=''
BUILD_SOCKETS_FILES_TRUE=''
BUILD_SSL_FALSE=''
BUILD_SSL_TRUE=''
BUILD_STREAMS_FILES_FALSE=''
BUILD_STREAMS_FILES_TRUE=''
BUILD_SVCCONF_FILES_FALSE=''
BUILD_SVCCONF_FILES_TRUE=''
BUILD_TAO_FLRESOURCE_FALSE=''
BUILD_TAO_FLRESOURCE_TRUE=''
BUILD_TAO_FOXRESOURCE_FALSE=''
BUILD_TAO_FOXRESOURCE_TRUE=''
BUILD_TAO_QTRESOURCE_FALSE=''
BUILD_TAO_QTRESOURCE_TRUE=''
BUILD_TAO_TKRESOURCE_FALSE=''
BUILD_TAO_TKRESOURCE_TRUE=''
BUILD_TAO_XTRESOURCE_FALSE=''
BUILD_TAO_XTRESOURCE_TRUE=''
BUILD_TESTS_FALSE=''
BUILD_TESTS_TRUE=''
BUILD_THREADS_FALSE=''
BUILD_THREADS_FILES_FALSE=''
BUILD_THREADS_FILES_TRUE=''
BUILD_THREADS_TRUE=''
BUILD_TIMER_FILES_FALSE=''
BUILD_TIMER_FILES_TRUE=''
BUILD_TK_FALSE=''
BUILD_TK_TRUE=''
BUILD_TOKEN_FILES_FALSE=''
BUILD_TOKEN_FILES_TRUE=''
BUILD_USES_WCHAR_FALSE=''
BUILD_USES_WCHAR_TRUE=''
BUILD_UTILS_FILES_FALSE=''
BUILD_UTILS_FILES_TRUE=''
BUILD_UUID_FILES_FALSE=''
BUILD_UUID_FILES_TRUE=''
BUILD_WFMO_FALSE=''
BUILD_WFMO_TRUE=''
BUILD_WINCE_FALSE=''
BUILD_WINCE_TRUE=''
BUILD_WINREGISTRY_FALSE=''
BUILD_WINREGISTRY_TRUE=''
BUILD_WXWINDOWS_FALSE=''
BUILD_WXWINDOWS_TRUE=''
BUILD_X11_FALSE=''
BUILD_X11_TRUE=''
BUILD_XT_FALSE=''
BUILD_XT_TRUE=''
BUILD_ZLIB_FALSE=''
BUILD_ZLIB_TRUE=''
BUILD_ZZIP_FALSE=''
BUILD_ZZIP_TRUE=''
CC=''
CCDEPMODE=''
CFLAGS=''
COMPILE_XTREACTOR_TEST_FALSE=''
COMPILE_XTREACTOR_TEST_TRUE=''
CPPFLAGS=''
CSCOPE='cscope'
CTAGS='ctags'
CXX=''
CXXCPP=''
CXXDEPMODE=''
CXXFLAGS=''
CYGPATH_W='echo'
DEFS=''
DEPDIR=''
DLLTOOL=''
DSYMUTIL=''
DUMPBIN=''
ECHO_C=''
ECHO_N='-n'
ECHO_T=''
EGREP='/usr/bin/grep -E'
ETAGS='etags'
EXEEXT=''
FGREP=''
FILECMD=''
FLTKCONFIG=''
FOXCONFIG=''
GPERF=''
GREP='/usr/bin/grep'
INSTALL_DATA='${INSTALL} -m 644'
INSTALL_PROGRAM='${INSTALL}'
INSTALL_SCRIPT='${INSTALL}'
INSTALL_STRIP_PROGRAM='$(install_sh) -c -s'
KOKYU=''
LD=''
LDFLAGS=''
LEX=''
LEXLIB=''
LEX_OUTPUT_ROOT=''
LIBOBJS=''
LIBS=''
LIBTOOL=''
LIPO=''
LN_S=''
LTLIBOBJS=''
LT_SYS_LIBRARY_PATH=''
MAKEINFO='${SHELL} '\''/home/rekon/PW/prime-world-classic/pw/branches/r1117/Vendor/ACE_wrappers/aux_config/missing'\'' makeinfo'
MANIFEST_TOOL=''
MKDIR_P='/usr/bin/mkdir -p'
NM=''
NMEDIT=''
OBJDUMP=''
OBJEXT=''
OTOOL64=''
OTOOL=''
PACKAGE='ace'
PACKAGE_BUGREPORT='ace-bugs@cs.wustl.edu'
PACKAGE_NAME='ACE'
PACKAGE_STRING='ACE 5.7'
PACKAGE_TARNAME='ace'
PACKAGE_URL=''
PACKAGE_VERSION='5.7'
PATH_SEPARATOR=':'
PKG_CONFIG=''
PROF=''
PURIFY=''
QTDIR=''
QUANTIFY=''
Qt_CFLAGS=''
Qt_LIBS=''
RANLIB=''
SED=''
SET_MAKE=''
SHELL='/bin/bash'
STRIP=''
TAO=''
VERSION='5.7'
XMKMF=''
XTREACTOR_TEST_XLIBS=''
X_CFLAGS=''
X_EXTRA_LIBS=''
X_LIBS=''
X_PRE_LIBS=''
YACC=''
YFLAGS=''
ac_ct_AR=''
ac_ct_CC=''
ac_ct_CXX=''
ac_ct_DUMPBIN=''
am__EXEEXT_FALSE=''
am__EXEEXT_TRUE=''
am__fastdepCC_FALSE=''
am__fastdepCC_TRUE=''
am__fastdepCXX_FALSE=''
am__fastdepCXX_TRUE=''
am__include=''
am__isrc=''
am__leading_dot='.'
am__nodep=''
am__quote=''
am__rm_f_notfound=''
am__tar='tar --format=ustar -chf - "$$tardir"'
am__untar='tar -xf -'
am__xargs_n='xargs -n'
bindir='${exec_prefix}/bin'
build='x86_64-pc-linux-gnu'
build_alias=''
build_cpu='x86_64'
build_os='linux-gnu'
build_vendor='pc'
datadir='${datarootdir}'
datarootdir='${prefix}/share'
docdir='${datarootdir}/doc/${PACKAGE_TARNAME}'
dvidir='${docdir}'
exec_prefix='NONE'
host='x86_64-pc-linux-gnu'
host_alias=''
host_cpu='x86_64'
host_os='linux-gnu'
host_vendor='pc'
htmldir='${docdir}'
includedir='${prefix}/include'
infodir='${datarootdir}/info'
install_sh='${SHELL} /home/rekon/PW/prime-world-classic/pw/branches/r1117/Vendor/ACE_wrappers/aux_config/install-sh'
libdir='${exec_prefix}/lib'
libexecdir='${exec_prefix}/libexec'
localedir='${datarootdir}/locale'
localstatedir='${prefix}/var'
mandir='${datarootdir}/man'
mkdir_p='$(MKDIR_P)'
oldincludedir='/usr/include'
pdfdir='${docdir}'
prefix='NONE'
program_transform_name='s,x,x,'
protocols=''
psdir='${docdir}'
runstatedir='${localstatedir}/run'
sbindir='${exec_prefix}/sbin'
sharedstatedir='${prefix}/com'
subdirs=''
sysconfdir='${prefix}/etc'
target='x86_64-pc-linux-gnu'
target_alias=''
target_cpu='x86_64'
target_os='linux-gnu'
target_vendor='pc'

## ----------- ##
## confdefs.h. ##
## ----------- ##

/* confdefs.h */
#define PACKAGE_NAME "ACE"
#define PACKAGE_TARNAME "ace"
#define PACKAGE_VERSION "5.7"
#define PACKAGE_STRING "ACE 5.7"
#define PACKAGE_BUGREPORT "ace-bugs@cs.wustl.edu"
#define PACKAGE_URL ""

configure: exit 1
