[  0%] Building CXX object CMakeFiles/PrimeWorld.dir/MemoryLib/SymAccess.cpp.o
In file included from /home/vitaly/p/Prime-World/pw/branches/r1117/Src/MemoryLib/../System/../System/Logger.h:7,
                 from /home/vitaly/p/Prime-World/pw/branches/r1117/Src/MemoryLib/../System/systemStdAfx.h:77,
                 from /home/vitaly/p/Prime-World/pw/branches/r1117/Src/MemoryLib/SymAccess.h:5,
                 from /home/vitaly/p/Prime-World/pw/branches/r1117/Src/MemoryLib/SymAccess.cpp:2:
/home/vitaly/p/Prime-World/pw/branches/r1117/Src/MemoryLib/../System/../System/MultiReaderLock.h:22:14: warning: ‘template<class> class std::auto_ptr’ is deprecated: use 'std::unique_ptr' instead [-Wdeprecated-declarations]
   22 |   const std::auto_ptr< MultiReaderLockImpl > impl_;
      |              ^~~~~~~~
In file included from /usr/lib/gcc/x86_64-pc-linux-gnu/15/include/g++-v15/memory:80,
                 from /home/vitaly/p/Prime-World/pw/branches/r1117/Src/MemoryLib/../System/../System/MultiReaderLock.h:3:
/usr/lib/gcc/x86_64-pc-linux-gnu/15/include/g++-v15/bits/unique_ptr.h:58:28: note: declared here
   58 |   template<typename> class auto_ptr;
      |                            ^~~~~~~~
In file included from /home/vitaly/p/Prime-World/pw/branches/r1117/Src/MemoryLib/../System/systemStdAfx.h:162:
/home/vitaly/p/Prime-World/pw/branches/r1117/Src/MemoryLib/../System/../System/ncircular_buffer.h:293:15: warning: ‘template<class _Category, class _Tp, class _Distance, class _Pointer, class _Reference> struct std::iterator’ is deprecated [-Wdeprecated-declarations]
  293 | : public std::iterator<std::random_access_iterator_tag,
      |               ^~~~~~~~
In file included from /usr/lib/gcc/x86_64-pc-linux-gnu/15/include/g++-v15/bits/stl_algobase.h:65,
                 from /usr/lib/gcc/x86_64-pc-linux-gnu/15/include/g++-v15/bits/specfun.h:43,
                 from /usr/lib/gcc/x86_64-pc-linux-gnu/15/include/g++-v15/cmath:3913,
                 from /usr/lib/gcc/x86_64-pc-linux-gnu/15/include/g++-v15/math.h:36,
                 from /home/vitaly/p/Prime-World/pw/branches/r1117/Src/MemoryLib/../System/Win32_linux.h:9,
                 from /home/vitaly/p/Prime-World/pw/branches/r1117/Src/MemoryLib/../System/config.h:51,
                 from /home/vitaly/p/Prime-World/pw/branches/r1117/Src/MemoryLib/StdAfx.h:6,
                 from /home/vitaly/p/Prime-World/pw/branches/r1117/Src/MemoryLib/SymAccess.cpp:1:
/usr/lib/gcc/x86_64-pc-linux-gnu/15/include/g++-v15/bits/stl_iterator_base_types.h:129:34: note: declared here
  129 |     struct _GLIBCXX17_DEPRECATED iterator
      |                                  ^~~~~~~~
[  0%] Building CXX object CMakeFiles/PrimeWorld.dir/MemoryLib/UserMessage.cpp.o
/home/vitaly/p/Prime-World/pw/branches/r1117/Src/MemoryLib/UserMessage.cpp: In function ‘void UserMessage::ShowMessageAndTerminate(DWORD, LPCSTR)’:
/home/vitaly/p/Prime-World/pw/branches/r1117/Src/MemoryLib/UserMessage.cpp:18:24: error: ‘SW_MINIMIZE’ was not declared in this scope
   18 |     ShowWindow(g_hWnd, SW_MINIMIZE);
      |                        ^~~~~~~~~~~
/home/vitaly/p/Prime-World/pw/branches/r1117/Src/MemoryLib/UserMessage.cpp:18:5: error: ‘ShowWindow’ was not declared in this scope
   18 |     ShowWindow(g_hWnd, SW_MINIMIZE);
      |     ^~~~~~~~~~
/home/vitaly/p/Prime-World/pw/branches/r1117/Src/MemoryLib/UserMessage.cpp:23:5: error: ‘MB_ICONERROR’ was not declared in this scope
   23 |     MB_ICONERROR | MB_SYSTEMMODAL | MB_SETFOREGROUND
      |     ^~~~~~~~~~~~
/home/vitaly/p/Prime-World/pw/branches/r1117/Src/MemoryLib/UserMessage.cpp:23:20: error: ‘MB_SYSTEMMODAL’ was not declared in this scope
   23 |     MB_ICONERROR | MB_SYSTEMMODAL | MB_SETFOREGROUND
      |                    ^~~~~~~~~~~~~~
/home/vitaly/p/Prime-World/pw/branches/r1117/Src/MemoryLib/UserMessage.cpp:23:37: error: ‘MB_SETFOREGROUND’ was not declared in this scope
   23 |     MB_ICONERROR | MB_SYSTEMMODAL | MB_SETFOREGROUND
      |                                     ^~~~~~~~~~~~~~~~
/home/vitaly/p/Prime-World/pw/branches/r1117/Src/MemoryLib/UserMessage.cpp:20:3: error: ‘MessageBox’ was not declared in this scope
   20 |   MessageBox(
      |   ^~~~~~~~~~
/home/vitaly/p/Prime-World/pw/branches/r1117/Src/MemoryLib/UserMessage.cpp:26:36: error: ‘EXCEPTION_NONCONTINUABLE’ was not declared in this scope
   26 |   RaiseException( dwExceptionCode, EXCEPTION_NONCONTINUABLE, 0, 0 );
      |                                    ^~~~~~~~~~~~~~~~~~~~~~~~
/home/vitaly/p/Prime-World/pw/branches/r1117/Src/MemoryLib/UserMessage.cpp:26:3: error: ‘RaiseException’ was not declared in this scope
   26 |   RaiseException( dwExceptionCode, EXCEPTION_NONCONTINUABLE, 0, 0 );
      |   ^~~~~~~~~~~~~~
/home/vitaly/p/Prime-World/pw/branches/r1117/Src/MemoryLib/UserMessage.cpp: In function ‘void UserMessage::ShowMessageAndTerminate(DWORD, LPCWSTR, LPCWSTR)’:
/home/vitaly/p/Prime-World/pw/branches/r1117/Src/MemoryLib/UserMessage.cpp:33:24: error: ‘SW_MINIMIZE’ was not declared in this scope
   33 |     ShowWindow(g_hWnd, SW_MINIMIZE);
      |                        ^~~~~~~~~~~
/home/vitaly/p/Prime-World/pw/branches/r1117/Src/MemoryLib/UserMessage.cpp:33:5: error: ‘ShowWindow’ was not declared in this scope
   33 |     ShowWindow(g_hWnd, SW_MINIMIZE);
      |     ^~~~~~~~~~
/home/vitaly/p/Prime-World/pw/branches/r1117/Src/MemoryLib/UserMessage.cpp:35:38: error: ‘MB_ICONERROR’ was not declared in this scope
   35 |   MessageBoxW(NULL, lpText, lpTitle, MB_ICONERROR | MB_SYSTEMMODAL | MB_SETFOREGROUND);
      |                                      ^~~~~~~~~~~~
/home/vitaly/p/Prime-World/pw/branches/r1117/Src/MemoryLib/UserMessage.cpp:35:53: error: ‘MB_SYSTEMMODAL’ was not declared in this scope
   35 |   MessageBoxW(NULL, lpText, lpTitle, MB_ICONERROR | MB_SYSTEMMODAL | MB_SETFOREGROUND);
      |                                                     ^~~~~~~~~~~~~~
/home/vitaly/p/Prime-World/pw/branches/r1117/Src/MemoryLib/UserMessage.cpp:35:70: error: ‘MB_SETFOREGROUND’ was not declared in this scope
   35 |   MessageBoxW(NULL, lpText, lpTitle, MB_ICONERROR | MB_SYSTEMMODAL | MB_SETFOREGROUND);
      |                                                                      ^~~~~~~~~~~~~~~~
/home/vitaly/p/Prime-World/pw/branches/r1117/Src/MemoryLib/UserMessage.cpp:35:3: error: ‘MessageBoxW’ was not declared in this scope
   35 |   MessageBoxW(NULL, lpText, lpTitle, MB_ICONERROR | MB_SYSTEMMODAL | MB_SETFOREGROUND);
      |   ^~~~~~~~~~~
/home/vitaly/p/Prime-World/pw/branches/r1117/Src/MemoryLib/UserMessage.cpp:37:36: error: ‘EXCEPTION_NONCONTINUABLE’ was not declared in this scope
   37 |   RaiseException( dwExceptionCode, EXCEPTION_NONCONTINUABLE, 0, 0 );
      |                                    ^~~~~~~~~~~~~~~~~~~~~~~~
/home/vitaly/p/Prime-World/pw/branches/r1117/Src/MemoryLib/UserMessage.cpp:37:3: error: ‘RaiseException’ was not declared in this scope
   37 |   RaiseException( dwExceptionCode, EXCEPTION_NONCONTINUABLE, 0, 0 );
      |   ^~~~~~~~~~~~~~
make[3]: *** [CMakeFiles/PrimeWorld.dir/build.make:681: CMakeFiles/PrimeWorld.dir/MemoryLib/UserMessage.cpp.o] Error 1
make[2]: *** [CMakeFiles/Makefile2:87: CMakeFiles/PrimeWorld.dir/all] Error 2
make[1]: *** [CMakeFiles/Makefile2:94: CMakeFiles/PrimeWorld.dir/rule] Error 2
make: *** [Makefile:124: PrimeWorld] Error 2
