[  0%] Building CXX object CMakeFiles/PrimeWorld.dir/Network/RUDP/RdpTestApp.cpp.o
In file included from /home/vitaly/p/Prime-World/pw/branches/r1117/Src/System/../System/Logger.h:7,
                 from /home/vitaly/p/Prime-World/pw/branches/r1117/Src/System/systemStdAfx.h:77,
                 from /home/vitaly/p/Prime-World/pw/branches/r1117/Src/Network/RUDP/stdafx.h:3,
                 from /home/vitaly/p/Prime-World/pw/branches/r1117/Src/Network/RUDP/RdpTestApp.cpp:1:
/home/vitaly/p/Prime-World/pw/branches/r1117/Src/System/../System/MultiReaderLock.h:22:14: warning: ‘template<class> class std::auto_ptr’ is deprecated: use 'std::unique_ptr' instead [-Wdeprecated-declarations]
   22 |   const std::auto_ptr< MultiReaderLockImpl > impl_;
      |              ^~~~~~~~
In file included from /usr/lib/gcc/x86_64-pc-linux-gnu/15/include/g++-v15/memory:80,
                 from /home/vitaly/p/Prime-World/pw/branches/r1117/Src/System/../System/MultiReaderLock.h:3:
/usr/lib/gcc/x86_64-pc-linux-gnu/15/include/g++-v15/bits/unique_ptr.h:58:28: note: declared here
   58 |   template<typename> class auto_ptr;
      |                            ^~~~~~~~
In file included from /home/vitaly/p/Prime-World/pw/branches/r1117/Src/System/systemStdAfx.h:162:
/home/vitaly/p/Prime-World/pw/branches/r1117/Src/System/../System/ncircular_buffer.h:293:15: warning: ‘template<class _Category, class _Tp, class _Distance, class _Pointer, class _Reference> struct std::iterator’ is deprecated [-Wdeprecated-declarations]
  293 | : public std::iterator<std::random_access_iterator_tag,
      |               ^~~~~~~~
In file included from /usr/lib/gcc/x86_64-pc-linux-gnu/15/include/g++-v15/bits/stl_algobase.h:65,
                 from /usr/lib/gcc/x86_64-pc-linux-gnu/15/include/g++-v15/bits/specfun.h:43,
                 from /usr/lib/gcc/x86_64-pc-linux-gnu/15/include/g++-v15/cmath:3913,
                 from /usr/lib/gcc/x86_64-pc-linux-gnu/15/include/g++-v15/math.h:36,
                 from /home/vitaly/p/Prime-World/pw/branches/r1117/Src/System/Win32_linux.h:9,
                 from /home/vitaly/p/Prime-World/pw/branches/r1117/Src/System/config.h:51,
                 from /home/vitaly/p/Prime-World/pw/branches/r1117/Src/System/systemStdAfx.h:4:
/usr/lib/gcc/x86_64-pc-linux-gnu/15/include/g++-v15/bits/stl_iterator_base_types.h:129:34: note: declared here
  129 |     struct _GLIBCXX17_DEPRECATED iterator
      |                                  ^~~~~~~~
In file included from /home/vitaly/p/Prime-World/pw/branches/r1117/Src/Network/RUDP/SockSrvWinsockBlocking.h:6,
                 from /home/vitaly/p/Prime-World/pw/branches/r1117/Src/Network/RUDP/RdpTestApp.cpp:2:
/home/vitaly/p/Prime-World/pw/branches/r1117/Src/Network/RUDP/UdpSocket.h:35:10: error: ‘SOCKET’ does not name a type
   35 |   static SOCKET CreateSocket( const NetAddr & _bindAddr, const Options & _options );
      |          ^~~~~~
/home/vitaly/p/Prime-World/pw/branches/r1117/Src/Network/RUDP/UdpSocket.h:37:20: error: expected ‘)’ before ‘_s’
   37 |   UdpSocket( SOCKET _s, const NetAddr & _bindAddr );
      |            ~       ^~~
      |                    )
/home/vitaly/p/Prime-World/pw/branches/r1117/Src/Network/RUDP/UdpSocket.h:44:3: error: ‘SOCKET’ does not name a type
   44 |   SOCKET AccessHandle() const { return sock; }
      |   ^~~~~~
/home/vitaly/p/Prime-World/pw/branches/r1117/Src/Network/RUDP/UdpSocket.h:50:3: error: ‘SOCKET’ does not name a type
   50 |   SOCKET                        sock;
      |   ^~~~~~
/home/vitaly/p/Prime-World/pw/branches/r1117/Src/Network/RUDP/SockSrvWinsockBlocking.h:35:72: error: ‘SOCKET’ has not been declared
   35 |   BlockingUdpSocket( ISocketCallback * _cb, const NetAddr & _bindAddr, SOCKET _s, TAuxData _auxData, unsigned _priority );
      |                                                                        ^~~~~~
In file included from /home/vitaly/p/Prime-World/pw/branches/r1117/Src/Network/RUDP/RdpTestApp.cpp:10:
/home/vitaly/p/Prime-World/pw/branches/r1117/Src/System/ServerStdOutDumper.h:10:15: error: conflicting declaration ‘typedef int HANDLE’
   10 |   typedef int HANDLE;
      |               ^~~~~~
/home/vitaly/p/Prime-World/pw/branches/r1117/Src/System/Win32_linux.h:55:23: note: previous declaration as ‘typedef void* HANDLE’
   55 | typedef void*         HANDLE;
      |                       ^~~~~~
/home/vitaly/p/Prime-World/pw/branches/r1117/Src/Network/RUDP/RdpTestApp.cpp: In member function ‘virtual void LocalSockSrvPoller::Work(volatile bool&)’:
/home/vitaly/p/Prime-World/pw/branches/r1117/Src/Network/RUDP/RdpTestApp.cpp:44:7: error: ‘Sleep’ was not declared in this scope; did you mean ‘threading::Sleep’?
   44 |       Sleep( 1 );
      |       ^~~~~
      |       threading::Sleep
In file included from /home/vitaly/p/Prime-World/pw/branches/r1117/Src/System/../System/Logger.h:4:
/home/vitaly/p/Prime-World/pw/branches/r1117/Src/System/../System/Thread.h:178:6: note: ‘threading::Sleep’ declared here
  178 | void Sleep( unsigned int milliseconds );
      |      ^~~~~
/home/vitaly/p/Prime-World/pw/branches/r1117/Src/Network/RUDP/RdpTestApp.cpp: In function ‘void DebugSleep(int)’:
/home/vitaly/p/Prime-World/pw/branches/r1117/Src/Network/RUDP/RdpTestApp.cpp:187:5: error: ‘Sleep’ was not declared in this scope; did you mean ‘threading::Sleep’?
  187 |     Sleep( sleep );
      |     ^~~~~
      |     threading::Sleep
/home/vitaly/p/Prime-World/pw/branches/r1117/Src/System/../System/Thread.h:178:6: note: ‘threading::Sleep’ declared here
  178 | void Sleep( unsigned int milliseconds );
      |      ^~~~~
/home/vitaly/p/Prime-World/pw/branches/r1117/Src/Network/RUDP/RdpTestApp.cpp: In function ‘void RunTest()’:
/home/vitaly/p/Prime-World/pw/branches/r1117/Src/Network/RUDP/RdpTestApp.cpp:219:5: error: ‘Sleep’ was not declared in this scope; did you mean ‘threading::Sleep’?
  219 |     Sleep( 1 );
      |     ^~~~~
      |     threading::Sleep
/home/vitaly/p/Prime-World/pw/branches/r1117/Src/System/../System/Thread.h:178:6: note: ‘threading::Sleep’ declared here
  178 | void Sleep( unsigned int milliseconds );
      |      ^~~~~
/home/vitaly/p/Prime-World/pw/branches/r1117/Src/Network/RUDP/RdpTestApp.cpp: In function ‘int main(int, const char**)’:
/home/vitaly/p/Prime-World/pw/branches/r1117/Src/Network/RUDP/RdpTestApp.cpp:290:3: error: ‘Sleep’ was not declared in this scope; did you mean ‘threading::Sleep’?
  290 |   Sleep( 100 ); //UGLY: Let text file dumpers to create their files
      |   ^~~~~
      |   threading::Sleep
/home/vitaly/p/Prime-World/pw/branches/r1117/Src/System/../System/Thread.h:178:6: note: ‘threading::Sleep’ declared here
  178 | void Sleep( unsigned int milliseconds );
      |      ^~~~~
/home/vitaly/p/Prime-World/pw/branches/r1117/Src/Network/RUDP/RdpTestApp.cpp:316:5: error: ‘_getch’ was not declared in this scope; did you mean ‘getc’?
  316 |     _getch();
      |     ^~~~~~
      |     getc
make[3]: *** [CMakeFiles/PrimeWorld.dir/build.make:1297: CMakeFiles/PrimeWorld.dir/Network/RUDP/RdpTestApp.cpp.o] Error 1
make[2]: *** [CMakeFiles/Makefile2:87: CMakeFiles/PrimeWorld.dir/all] Error 2
make[1]: *** [CMakeFiles/Makefile2:94: CMakeFiles/PrimeWorld.dir/rule] Error 2
make: *** [Makefile:124: PrimeWorld] Error 2
