[  0%] Building CXX object CMakeFiles/PrimeWorld.dir/Network/RUDP/RdpConnection.cpp.o
In file included from /home/vitaly/p/Prime-World/pw/branches/r1117/Src/System/../System/Logger.h:7,
                 from /home/vitaly/p/Prime-World/pw/branches/r1117/Src/System/systemStdAfx.h:77,
                 from /home/vitaly/p/Prime-World/pw/branches/r1117/Src/Network/RUDP/stdafx.h:3,
                 from /home/vitaly/p/Prime-World/pw/branches/r1117/Src/Network/RUDP/RdpConnection.cpp:1:
/home/vitaly/p/Prime-World/pw/branches/r1117/Src/System/../System/MultiReaderLock.h:22:14: warning: ‘template<class> class std::auto_ptr’ is deprecated: use 'std::unique_ptr' instead [-Wdeprecated-declarations]
   22 |   const std::auto_ptr< MultiReaderLockImpl > impl_;
      |              ^~~~~~~~
In file included from /usr/lib/gcc/x86_64-pc-linux-gnu/15/include/g++-v15/memory:80,
                 from /home/vitaly/p/Prime-World/pw/branches/r1117/Src/System/../System/MultiReaderLock.h:3:
/usr/lib/gcc/x86_64-pc-linux-gnu/15/include/g++-v15/bits/unique_ptr.h:58:28: note: declared here
   58 |   template<typename> class auto_ptr;
      |                            ^~~~~~~~
In file included from /home/vitaly/p/Prime-World/pw/branches/r1117/Src/System/systemStdAfx.h:162:
/home/vitaly/p/Prime-World/pw/branches/r1117/Src/System/../System/ncircular_buffer.h:293:15: warning: ‘template<class _Category, class _Tp, class _Distance, class _Pointer, class _Reference> struct std::iterator’ is deprecated [-Wdeprecated-declarations]
  293 | : public std::iterator<std::random_access_iterator_tag,
      |               ^~~~~~~~
In file included from /usr/lib/gcc/x86_64-pc-linux-gnu/15/include/g++-v15/bits/stl_algobase.h:65,
                 from /usr/lib/gcc/x86_64-pc-linux-gnu/15/include/g++-v15/bits/specfun.h:43,
                 from /usr/lib/gcc/x86_64-pc-linux-gnu/15/include/g++-v15/cmath:3913,
                 from /usr/lib/gcc/x86_64-pc-linux-gnu/15/include/g++-v15/math.h:36,
                 from /home/vitaly/p/Prime-World/pw/branches/r1117/Src/System/Win32_linux.h:9,
                 from /home/vitaly/p/Prime-World/pw/branches/r1117/Src/System/config.h:51,
                 from /home/vitaly/p/Prime-World/pw/branches/r1117/Src/System/systemStdAfx.h:4:
/usr/lib/gcc/x86_64-pc-linux-gnu/15/include/g++-v15/bits/stl_iterator_base_types.h:129:34: note: declared here
  129 |     struct _GLIBCXX17_DEPRECATED iterator
      |                                  ^~~~~~~~
In file included from /home/vitaly/p/Prime-World/pw/branches/r1117/Src/Network/RUDP/RdpConnection.cpp:7:
/home/vitaly/p/Prime-World/pw/branches/r1117/Src/Network/RUDP/RdpStats.h: In member function ‘void ni_udp::RdpStats::Inc(volatile LONGLONG ni_udp::RdpStats::*, int)’:
/home/vitaly/p/Prime-World/pw/branches/r1117/Src/Network/RUDP/RdpStats.h:72:33: error: invalid conversion from ‘volatile LONGLONG*’ {aka ‘volatile long int*’} to ‘volatile __int64*’ {aka ‘volatile long long int*’} [-fpermissive]
   72 |     NiInterlockedExchangeAdd64( &(this->*_field), _inc );
      |                                 ^~~~~~~~~~~~~~~~
      |                                 |
      |                                 volatile LONGLONG* {aka volatile long int*}
/home/vitaly/p/Prime-World/pw/branches/r1117/Src/Network/RUDP/RdpStats.h:13:53: note: initializing argument 1 of ‘void {anonymous}::NiInterlockedExchangeAdd64(volatile __int64*, __int64)’
   13 |   void NiInterlockedExchangeAdd64(__int64 volatile *Addend, __int64 Value)
      |                                   ~~~~~~~~~~~~~~~~~~^~~~~~
make[3]: *** [CMakeFiles/PrimeWorld.dir/build.make:1143: CMakeFiles/PrimeWorld.dir/Network/RUDP/RdpConnection.cpp.o] Error 1
make[2]: *** [CMakeFiles/Makefile2:87: CMakeFiles/PrimeWorld.dir/all] Error 2
make[1]: *** [CMakeFiles/Makefile2:94: CMakeFiles/PrimeWorld.dir/rule] Error 2
make: *** [Makefile:124: PrimeWorld] Error 2
