[  0%] Building CXX object CMakeFiles/PrimeWorld.dir/Game/PF/Client/LobbyPvx/LobbyClientBase.cpp.o
In file included from /home/vitaly/p/Prime-World/pw/branches/r1117/Src/System/../System/Logger.h:7,
                 from /home/vitaly/p/Prime-World/pw/branches/r1117/Src/System/systemStdAfx.h:77,
                 from /home/vitaly/p/Prime-World/pw/branches/r1117/Src/Game/PF/Client/LobbyPvx/stdafx.h:3,
                 from /home/vitaly/p/Prime-World/pw/branches/r1117/Src/Game/PF/Client/LobbyPvx/LobbyClientBase.cpp:1:
/home/vitaly/p/Prime-World/pw/branches/r1117/Src/System/../System/MultiReaderLock.h:22:14: warning: ‘template<class> class std::auto_ptr’ is deprecated: use 'std::unique_ptr' instead [-Wdeprecated-declarations]
   22 |   const std::auto_ptr< MultiReaderLockImpl > impl_;
      |              ^~~~~~~~
In file included from /usr/lib/gcc/x86_64-pc-linux-gnu/15/include/g++-v15/memory:80,
                 from /home/vitaly/p/Prime-World/pw/branches/r1117/Src/System/../System/MultiReaderLock.h:3:
/usr/lib/gcc/x86_64-pc-linux-gnu/15/include/g++-v15/bits/unique_ptr.h:58:28: note: declared here
   58 |   template<typename> class auto_ptr;
      |                            ^~~~~~~~
In file included from /home/vitaly/p/Prime-World/pw/branches/r1117/Src/System/systemStdAfx.h:162:
/home/vitaly/p/Prime-World/pw/branches/r1117/Src/System/../System/ncircular_buffer.h:293:15: warning: ‘template<class _Category, class _Tp, class _Distance, class _Pointer, class _Reference> struct std::iterator’ is deprecated [-Wdeprecated-declarations]
  293 | : public std::iterator<std::random_access_iterator_tag,
      |               ^~~~~~~~
In file included from /usr/lib/gcc/x86_64-pc-linux-gnu/15/include/g++-v15/bits/stl_algobase.h:65,
                 from /usr/lib/gcc/x86_64-pc-linux-gnu/15/include/g++-v15/bits/specfun.h:43,
                 from /usr/lib/gcc/x86_64-pc-linux-gnu/15/include/g++-v15/cmath:3913,
                 from /usr/lib/gcc/x86_64-pc-linux-gnu/15/include/g++-v15/math.h:36,
                 from /home/vitaly/p/Prime-World/pw/branches/r1117/Src/System/Win32_linux.h:9,
                 from /home/vitaly/p/Prime-World/pw/branches/r1117/Src/System/config.h:51,
                 from /home/vitaly/p/Prime-World/pw/branches/r1117/Src/System/systemStdAfx.h:4:
/usr/lib/gcc/x86_64-pc-linux-gnu/15/include/g++-v15/bits/stl_iterator_base_types.h:129:34: note: declared here
  129 |     struct _GLIBCXX17_DEPRECATED iterator
      |                                  ^~~~~~~~
In file included from /home/vitaly/p/Prime-World/pw/branches/r1117/Src/Game/PF/Client/LobbyPvx/LobbyClientBase.cpp:2:
/home/vitaly/p/Prime-World/pw/branches/r1117/Src/Game/PF/Client/LobbyPvx/LobbyClientBase.h:169:12: error: ‘LobbyUserProxy’ was not declared in this scope
  169 |   StrongMT<LobbyUserProxy>        lobbyUserProxy;
      |            ^~~~~~~~~~~~~~
/home/vitaly/p/Prime-World/pw/branches/r1117/Src/Game/PF/Client/LobbyPvx/LobbyClientBase.h:169:26: error: template argument 1 is invalid
  169 |   StrongMT<LobbyUserProxy>        lobbyUserProxy;
      |                          ^
/home/vitaly/p/Prime-World/pw/branches/r1117/Src/Game/PF/Client/LobbyPvx/LobbyClientBase.h:205:1: error: ‘OBBYCLIENTBASE_H_INCLUDED’ does not name a type; did you mean ‘NEW_LOBBYCLIENTBASE_H_INCLUDED’?
  205 | OBBYCLIENTBASE_H_INCLUDED
      | ^~~~~~~~~~~~~~~~~~~~~~~~~
      | NEW_LOBBYCLIENTBASE_H_INCLUDED
/home/vitaly/p/Prime-World/pw/branches/r1117/Src/Game/PF/Client/LobbyPvx/LobbyClientBase.cpp: In constructor ‘lobby::ClientBase::ClientBase(Transport::TClientId, bool)’:
/home/vitaly/p/Prime-World/pw/branches/r1117/Src/Game/PF/Client/LobbyPvx/LobbyClientBase.cpp:69:20: error: invalid conversion from ‘lobby::LobbyUserProxy*’ to ‘int’ [-fpermissive]
   69 |   lobbyUserProxy = new LobbyUserProxy( this );
      |                    ^~~~~~~~~~~~~~~~~~~~~~~~~~
      |                    |
      |                    lobby::LobbyUserProxy*
/home/vitaly/p/Prime-World/pw/branches/r1117/Src/Game/PF/Client/LobbyPvx/LobbyClientBase.cpp: In member function ‘void lobby::ClientBase::Start(rpc::GateKeeperClient*, const Transport::TServiceId&)’:
/home/vitaly/p/Prime-World/pw/branches/r1117/Src/Game/PF/Client/LobbyPvx/LobbyClientBase.cpp:115:73: error: invalid use of incomplete type ‘struct rpc::LocalEntityFactory’
  115 |   Reset( rpcFactory, new rpc::LocalEntityFactory( gateKeeper->GetGate() ) );
      |                                                                         ^
/home/vitaly/p/Prime-World/pw/branches/r1117/Src/Game/PF/Client/LobbyPvx/LobbyClientBase.h:14:10: note: forward declaration of ‘struct rpc::LocalEntityFactory’
   14 |   struct LocalEntityFactory;
      |          ^~~~~~~~~~~~~~~~~~
/home/vitaly/p/Prime-World/pw/branches/r1117/Src/Game/PF/Client/LobbyPvx/LobbyClientBase.cpp:116:13: error: invalid use of incomplete type ‘struct rpc::LocalEntityFactory’
  116 |   rpcFactory->RegisterAttach<lobby::ILobbyUser, lobby::LILobbyUser>();
      |             ^~
/home/vitaly/p/Prime-World/pw/branches/r1117/Src/Game/PF/Client/LobbyPvx/LobbyClientBase.h:14:10: note: forward declaration of ‘struct rpc::LocalEntityFactory’
   14 |   struct LocalEntityFactory;
      |          ^~~~~~~~~~~~~~~~~~
/home/vitaly/p/Prime-World/pw/branches/r1117/Src/Game/PF/Client/LobbyPvx/LobbyClientBase.cpp:116:47: error: expected primary-expression before ‘,’ token
  116 |   rpcFactory->RegisterAttach<lobby::ILobbyUser, lobby::LILobbyUser>();
      |                                               ^
/home/vitaly/p/Prime-World/pw/branches/r1117/Src/Game/PF/Client/LobbyPvx/LobbyClientBase.cpp:116:67: error: expected primary-expression before ‘>’ token
  116 |   rpcFactory->RegisterAttach<lobby::ILobbyUser, lobby::LILobbyUser>();
      |                                                                   ^
/home/vitaly/p/Prime-World/pw/branches/r1117/Src/Game/PF/Client/LobbyPvx/LobbyClientBase.cpp:116:69: error: expected primary-expression before ‘)’ token
  116 |   rpcFactory->RegisterAttach<lobby::ILobbyUser, lobby::LILobbyUser>();
      |                                                                     ^
/home/vitaly/p/Prime-World/pw/branches/r1117/Src/Game/PF/Client/LobbyPvx/LobbyClientBase.cpp: In member function ‘void lobby::ClientBase::OnEntrance()’:
/home/vitaly/p/Prime-World/pw/branches/r1117/Src/Game/PF/Client/LobbyPvx/LobbyClientBase.cpp:225:84: error: request for member ‘GetPtr’ in ‘((lobby::ClientBase*)this)->lobby::ClientBase::lobbyUserProxy’, which is of non-class type ‘int’
  225 |   entrance->iface()->RequestServerInstance( RemotePtr<RILobbyUser>( lobbyUserProxy.GetPtr() ), VERSION_REVISION, this, &ClientBase::OnGetServerInstance );
      |                                                                                    ^~~~~~
In file included from /home/vitaly/p/Prime-World/pw/branches/r1117/Src/System/../System/Basic.h:8,
                 from /home/vitaly/p/Prime-World/pw/branches/r1117/Src/System/systemStdAfx.h:81:
/home/vitaly/p/Prime-World/pw/branches/r1117/Src/System/../System/ScopedPtr.h: In instantiation of ‘ScopedPtr<T>::~ScopedPtr() [with T = rpc::LocalEntityFactory]’:
/home/vitaly/p/Prime-World/pw/branches/r1117/Src/Game/PF/Client/LobbyPvx/LobbyClientBase.cpp:67:20:   required from here
   67 | leaveAckCounter( 0 )
      |                    ^
/home/vitaly/p/Prime-World/pw/branches/r1117/Src/System/../System/ScopedPtr.h:41:7: warning: possible problem detected in invocation of ‘operator delete’ [-Wdelete-incomplete]
   41 |       delete m_ptr;
      |       ^~~~~~~~~~~~
/home/vitaly/p/Prime-World/pw/branches/r1117/Src/System/../System/ScopedPtr.h:41:14: warning: invalid use of incomplete type ‘struct rpc::LocalEntityFactory’
   41 |       delete m_ptr;
      |              ^~~~~
/home/vitaly/p/Prime-World/pw/branches/r1117/Src/Game/PF/Client/LobbyPvx/LobbyClientBase.h:14:10: note: forward declaration of ‘struct rpc::LocalEntityFactory’
   14 |   struct LocalEntityFactory;
      |          ^~~~~~~~~~~~~~~~~~
/home/vitaly/p/Prime-World/pw/branches/r1117/Src/System/../System/ScopedPtr.h:41:7: note: neither the destructor nor the class-specific ‘operator delete’ will be called, even if they are declared when the class is defined
   41 |       delete m_ptr;
      |       ^~~~~~~~~~~~
make[3]: *** [CMakeFiles/PrimeWorld.dir/build.make:569: CMakeFiles/PrimeWorld.dir/Game/PF/Client/LobbyPvx/LobbyClientBase.cpp.o] Error 1
make[2]: *** [CMakeFiles/Makefile2:87: CMakeFiles/PrimeWorld.dir/all] Error 2
make[1]: *** [CMakeFiles/Makefile2:94: CMakeFiles/PrimeWorld.dir/rule] Error 2
make: *** [Makefile:124: PrimeWorld] Error 2
