[  0%] Building CXX object CMakeFiles/PrimeWorld.dir/MemoryLib/UserMessage.cpp.o
/home/vitaly/p/Prime-World/pw/branches/r1117/Src/MemoryLib/UserMessage.cpp: In function ‘void UserMessage::ShowMessageAndTerminate(DWORD, LPCSTR)’:
/home/vitaly/p/Prime-World/pw/branches/r1117/Src/MemoryLib/UserMessage.cpp:22:24: error: ‘SW_MINIMIZE’ was not declared in this scope
   22 |     ShowWindow(g_hWnd, SW_MINIMIZE);
      |                        ^~~~~~~~~~~
/home/vitaly/p/Prime-World/pw/branches/r1117/Src/MemoryLib/UserMessage.cpp:22:5: error: ‘ShowWindow’ was not declared in this scope
   22 |     ShowWindow(g_hWnd, SW_MINIMIZE);
      |     ^~~~~~~~~~
/home/vitaly/p/Prime-World/pw/branches/r1117/Src/MemoryLib/UserMessage.cpp:27:5: error: ‘MB_ICONERROR’ was not declared in this scope
   27 |     MB_ICONERROR | MB_SYSTEMMODAL | MB_SETFOREGROUND
      |     ^~~~~~~~~~~~
/home/vitaly/p/Prime-World/pw/branches/r1117/Src/MemoryLib/UserMessage.cpp:27:20: error: ‘MB_SYSTEMMODAL’ was not declared in this scope
   27 |     MB_ICONERROR | MB_SYSTEMMODAL | MB_SETFOREGROUND
      |                    ^~~~~~~~~~~~~~
/home/vitaly/p/Prime-World/pw/branches/r1117/Src/MemoryLib/UserMessage.cpp:27:37: error: ‘MB_SETFOREGROUND’ was not declared in this scope
   27 |     MB_ICONERROR | MB_SYSTEMMODAL | MB_SETFOREGROUND
      |                                     ^~~~~~~~~~~~~~~~
/home/vitaly/p/Prime-World/pw/branches/r1117/Src/MemoryLib/UserMessage.cpp:24:3: error: ‘MessageBox’ was not declared in this scope
   24 |   MessageBox(
      |   ^~~~~~~~~~
/home/vitaly/p/Prime-World/pw/branches/r1117/Src/MemoryLib/UserMessage.cpp:30:36: error: ‘EXCEPTION_NONCONTINUABLE’ was not declared in this scope
   30 |   RaiseException( dwExceptionCode, EXCEPTION_NONCONTINUABLE, 0, 0 );
      |                                    ^~~~~~~~~~~~~~~~~~~~~~~~
/home/vitaly/p/Prime-World/pw/branches/r1117/Src/MemoryLib/UserMessage.cpp:30:3: error: ‘RaiseException’ was not declared in this scope
   30 |   RaiseException( dwExceptionCode, EXCEPTION_NONCONTINUABLE, 0, 0 );
      |   ^~~~~~~~~~~~~~
/home/vitaly/p/Prime-World/pw/branches/r1117/Src/MemoryLib/UserMessage.cpp: In function ‘void UserMessage::ShowMessageAndTerminate(DWORD, LPCWSTR, LPCWSTR)’:
/home/vitaly/p/Prime-World/pw/branches/r1117/Src/MemoryLib/UserMessage.cpp:37:24: error: ‘SW_MINIMIZE’ was not declared in this scope
   37 |     ShowWindow(g_hWnd, SW_MINIMIZE);
      |                        ^~~~~~~~~~~
/home/vitaly/p/Prime-World/pw/branches/r1117/Src/MemoryLib/UserMessage.cpp:37:5: error: ‘ShowWindow’ was not declared in this scope
   37 |     ShowWindow(g_hWnd, SW_MINIMIZE);
      |     ^~~~~~~~~~
/home/vitaly/p/Prime-World/pw/branches/r1117/Src/MemoryLib/UserMessage.cpp:39:38: error: ‘MB_ICONERROR’ was not declared in this scope
   39 |   MessageBoxW(NULL, lpText, lpTitle, MB_ICONERROR | MB_SYSTEMMODAL | MB_SETFOREGROUND);
      |                                      ^~~~~~~~~~~~
/home/vitaly/p/Prime-World/pw/branches/r1117/Src/MemoryLib/UserMessage.cpp:39:53: error: ‘MB_SYSTEMMODAL’ was not declared in this scope
   39 |   MessageBoxW(NULL, lpText, lpTitle, MB_ICONERROR | MB_SYSTEMMODAL | MB_SETFOREGROUND);
      |                                                     ^~~~~~~~~~~~~~
/home/vitaly/p/Prime-World/pw/branches/r1117/Src/MemoryLib/UserMessage.cpp:39:70: error: ‘MB_SETFOREGROUND’ was not declared in this scope
   39 |   MessageBoxW(NULL, lpText, lpTitle, MB_ICONERROR | MB_SYSTEMMODAL | MB_SETFOREGROUND);
      |                                                                      ^~~~~~~~~~~~~~~~
/home/vitaly/p/Prime-World/pw/branches/r1117/Src/MemoryLib/UserMessage.cpp:39:3: error: ‘MessageBoxW’ was not declared in this scope
   39 |   MessageBoxW(NULL, lpText, lpTitle, MB_ICONERROR | MB_SYSTEMMODAL | MB_SETFOREGROUND);
      |   ^~~~~~~~~~~
/home/vitaly/p/Prime-World/pw/branches/r1117/Src/MemoryLib/UserMessage.cpp:41:36: error: ‘EXCEPTION_NONCONTINUABLE’ was not declared in this scope
   41 |   RaiseException( dwExceptionCode, EXCEPTION_NONCONTINUABLE, 0, 0 );
      |                                    ^~~~~~~~~~~~~~~~~~~~~~~~
/home/vitaly/p/Prime-World/pw/branches/r1117/Src/MemoryLib/UserMessage.cpp:41:3: error: ‘RaiseException’ was not declared in this scope
   41 |   RaiseException( dwExceptionCode, EXCEPTION_NONCONTINUABLE, 0, 0 );
      |   ^~~~~~~~~~~~~~
/home/vitaly/p/Prime-World/pw/branches/r1117/Src/MemoryLib/UserMessage.cpp: At global scope:
/home/vitaly/p/Prime-World/pw/branches/r1117/Src/MemoryLib/UserMessage.cpp:47:1: error: expected declaration before ‘}’ token
   47 | }/////////
      | ^
/home/vitaly/p/Prime-World/pw/branches/r1117/Src/MemoryLib/UserMessage.cpp:49:1: error: expected declaration before ‘}’ token
   49 | }
      | ^
make[3]: *** [CMakeFiles/PrimeWorld.dir/build.make:681: CMakeFiles/PrimeWorld.dir/MemoryLib/UserMessage.cpp.o] Error 1
make[2]: *** [CMakeFiles/Makefile2:87: CMakeFiles/PrimeWorld.dir/all] Error 2
make[1]: *** [CMakeFiles/Makefile2:94: CMakeFiles/PrimeWorld.dir/rule] Error 2
make: *** [Makefile:124: PrimeWorld] Error 2
