[  0%] Building CXX object CMakeFiles/PrimeWorld.dir/PF_Core/BasicEffect.cpp.o
/home/vitaly/p/Prime-World/pw/branches/r1117/Src/PF_Core/BasicEffect.cpp:1:9: warning: ‘#pragma once’ in main file [-Wpragma-once-outside-header]
    1 | #pragma once
      |         ^~~~
In file included from /home/vitaly/p/Prime-World/pw/branches/r1117/Src/PF_Core/../Scene/DiAnGr.h:17,
                 from /home/vitaly/p/Prime-World/pw/branches/r1117/Src/PF_Core/../Scene/AnimatedSceneComponent.h:4,
                 from /home/vitaly/p/Prime-World/pw/branches/r1117/Src/PF_Core/BasicEffect.cpp:6:
/home/vitaly/p/Prime-World/pw/branches/r1117/Src/PF_Core/../Scene/DiAnGrUtils.h:198:8: warning: extra tokens at end of ‘#endif’ directive [-Wendif-labels]
  198 | #endif _DIANGRUTILS_H_
      |        ^~~~~~~~~~~~~~~
In file included from /home/vitaly/p/Prime-World/pw/branches/r1117/Src/PF_Core/../Scene/DiAnGr.h:18:
/home/vitaly/p/Prime-World/pw/branches/r1117/Src/PF_Core/../Scene/DiAnGrAPI.h:6:8: warning: extra tokens at end of ‘#endif’ directive [-Wendif-labels]
    6 | #endif __DIANGRAPI_H__
      |        ^~~~~~~~~~~~~~~
/home/vitaly/p/Prime-World/pw/branches/r1117/Src/PF_Core/../Scene/DiAnGr.h:599:10: warning: extra tokens at end of ‘#endif’ directive [-Wendif-labels]
  599 |   #endif DIANGR_SCREEN_DEBUG_GENERAL
      |          ^~~~~~~~~~~~~~~~~~~~~~~~~~~
/home/vitaly/p/Prime-World/pw/branches/r1117/Src/PF_Core/../Scene/DiAnGr.h:777:8: warning: extra tokens at end of ‘#endif’ directive [-Wendif-labels]
  777 | #endif DIANGR_SCREEN_DEBUG_GENERAL
      |        ^~~~~~~~~~~~~~~~~~~~~~~~~~~
In file included from /home/vitaly/p/Prime-World/pw/branches/r1117/Src/PF_Core/../Scene/../Render/StaticMesh.h:9,
                 from /home/vitaly/p/Prime-World/pw/branches/r1117/Src/PF_Core/../Scene/StaticSceneComponent.h:4,
                 from /home/vitaly/p/Prime-World/pw/branches/r1117/Src/PF_Core/../Scene/SceneObjectCreation.h:6,
                 from /home/vitaly/p/Prime-World/pw/branches/r1117/Src/PF_Core/BasicEffect.h:5,
                 from /home/vitaly/p/Prime-World/pw/branches/r1117/Src/PF_Core/BasicEffect.cpp:9:
/home/vitaly/p/Prime-World/pw/branches/r1117/Src/PF_Core/../Scene/../Render/MaterialResourceInterface.h:4:10: fatal error: ../libdb/DB.h: No such file or directory
    4 | #include "../libdb/DB.h"
      |          ^~~~~~~~~~~~~~~
compilation terminated.
make[3]: *** [CMakeFiles/PrimeWorld.dir/build.make:1787: CMakeFiles/PrimeWorld.dir/PF_Core/BasicEffect.cpp.o] Error 1
make[2]: *** [CMakeFiles/Makefile2:87: CMakeFiles/PrimeWorld.dir/all] Error 2
make[1]: *** [CMakeFiles/Makefile2:94: CMakeFiles/PrimeWorld.dir/rule] Error 2
make: *** [Makefile:124: PrimeWorld] Error 2
