[  0%] Building CXX object CMakeFiles/PrimeWorld.dir/MemoryLib/newdelete.cpp.o
In file included from /home/vitaly/p/Prime-World/pw/branches/r1117/Src/MemoryLib/../System/../System/Logger.h:7,
                 from /home/vitaly/p/Prime-World/pw/branches/r1117/Src/MemoryLib/../System/systemStdAfx.h:77,
                 from /home/vitaly/p/Prime-World/pw/branches/r1117/Src/MemoryLib/SymAccess.h:5,
                 from /home/vitaly/p/Prime-World/pw/branches/r1117/Src/MemoryLib/newdelete.cpp:4:
/home/vitaly/p/Prime-World/pw/branches/r1117/Src/MemoryLib/../System/../System/MultiReaderLock.h:22:14: warning: ‘template<class> class std::auto_ptr’ is deprecated: use 'std::unique_ptr' instead [-Wdeprecated-declarations]
   22 |   const std::auto_ptr< MultiReaderLockImpl > impl_;
      |              ^~~~~~~~
In file included from /usr/lib/gcc/x86_64-pc-linux-gnu/15/include/g++-v15/memory:80,
                 from /home/vitaly/p/Prime-World/pw/branches/r1117/Src/MemoryLib/../System/../System/MultiReaderLock.h:3:
/usr/lib/gcc/x86_64-pc-linux-gnu/15/include/g++-v15/bits/unique_ptr.h:58:28: note: declared here
   58 |   template<typename> class auto_ptr;
      |                            ^~~~~~~~
In file included from /home/vitaly/p/Prime-World/pw/branches/r1117/Src/MemoryLib/../System/systemStdAfx.h:162:
/home/vitaly/p/Prime-World/pw/branches/r1117/Src/MemoryLib/../System/../System/ncircular_buffer.h:293:15: warning: ‘template<class _Category, class _Tp, class _Distance, class _Pointer, class _Reference> struct std::iterator’ is deprecated [-Wdeprecated-declarations]
  293 | : public std::iterator<std::random_access_iterator_tag,
      |               ^~~~~~~~
In file included from /usr/lib/gcc/x86_64-pc-linux-gnu/15/include/g++-v15/bits/stl_algobase.h:65,
                 from /usr/lib/gcc/x86_64-pc-linux-gnu/15/include/g++-v15/bits/specfun.h:43,
                 from /usr/lib/gcc/x86_64-pc-linux-gnu/15/include/g++-v15/cmath:3913,
                 from /usr/lib/gcc/x86_64-pc-linux-gnu/15/include/g++-v15/math.h:36,
                 from /home/vitaly/p/Prime-World/pw/branches/r1117/Src/MemoryLib/../System/Win32_linux.h:9,
                 from /home/vitaly/p/Prime-World/pw/branches/r1117/Src/MemoryLib/../System/config.h:51,
                 from /home/vitaly/p/Prime-World/pw/branches/r1117/Src/MemoryLib/stdafx.h:6,
                 from /home/vitaly/p/Prime-World/pw/branches/r1117/Src/MemoryLib/newdelete.cpp:1:
/usr/lib/gcc/x86_64-pc-linux-gnu/15/include/g++-v15/bits/stl_iterator_base_types.h:129:34: note: declared here
  129 |     struct _GLIBCXX17_DEPRECATED iterator
      |                                  ^~~~~~~~
/home/vitaly/p/Prime-World/pw/branches/r1117/Src/MemoryLib/newdelete.cpp: In function ‘const char* StrFmt(const char*, ...)’:
/home/vitaly/p/Prime-World/pw/branches/r1117/Src/MemoryLib/newdelete.cpp:106:3: error: ‘_vsnprintf_s’ was not declared in this scope; did you mean ‘vsnprintf’?
  106 |   _vsnprintf_s( charBuff, 1024 - 1, pszFormat, va );
      |   ^~~~~~~~~~~~
      |   vsnprintf
/home/vitaly/p/Prime-World/pw/branches/r1117/Src/MemoryLib/newdelete.cpp: In function ‘void RegisterMalloc(size_t, void*)’:
/home/vitaly/p/Prime-World/pw/branches/r1117/Src/MemoryLib/newdelete.cpp:139:7: error: ‘__debugbreak’ was not declared in this scope
  139 |       __debugbreak();
      |       ^~~~~~~~~~~~
/home/vitaly/p/Prime-World/pw/branches/r1117/Src/MemoryLib/newdelete.cpp: In function ‘void RegisterFree(void*)’:
/home/vitaly/p/Prime-World/pw/branches/r1117/Src/MemoryLib/newdelete.cpp:209:9: error: ‘__debugbreak’ was not declared in this scope
  209 |         __debugbreak();
      |         ^~~~~~~~~~~~
/home/vitaly/p/Prime-World/pw/branches/r1117/Src/MemoryLib/newdelete.cpp: At global scope:
/home/vitaly/p/Prime-World/pw/branches/r1117/Src/MemoryLib/newdelete.cpp:318:6: error: redefinition of ‘long int GetMallocsTotal()’
  318 | long GetMallocsTotal()
      |      ^~~~~~~~~~~~~~~
/home/vitaly/p/Prime-World/pw/branches/r1117/Src/MemoryLib/../System/config.h:55:21: note: ‘long int GetMallocsTotal()’ previously defined here
   55 |         inline long GetMallocsTotal()
      |                     ^~~~~~~~~~~~~~~
/home/vitaly/p/Prime-World/pw/branches/r1117/Src/MemoryLib/newdelete.cpp:618:26: error: ‘MALLOC_STD_ALIGN’ was not declared in this scope
  618 |   unsigned char padding[ MALLOC_STD_ALIGN - sizeof(size_t) ];
      |                          ^~~~~~~~~~~~~~~~
/home/vitaly/p/Prime-World/pw/branches/r1117/Src/MemoryLib/newdelete.cpp:670:20: warning: declaration of ‘void operator delete(void*)’ has a different exception specifier
  670 | void NEWDEL_CCDECL operator delete( void *pRes )
      |                    ^~~~~~~~
In file included from /home/vitaly/p/Prime-World/pw/branches/r1117/Src/MemoryLib/../MemoryLib/newdelete.h:10,
                 from /home/vitaly/p/Prime-World/pw/branches/r1117/Src/MemoryLib/stdafx.h:19:
/usr/lib/gcc/x86_64-pc-linux-gnu/15/include/g++-v15/new:143:6: note: from previous declaration ‘void operator delete(void*) noexcept’
  143 | void operator delete(void*) _GLIBCXX_TXN_SAFE _GLIBCXX_USE_NOEXCEPT
      |      ^~~~~~~~
/home/vitaly/p/Prime-World/pw/branches/r1117/Src/MemoryLib/newdelete.cpp:710:20: warning: declaration of ‘void operator delete [](void*)’ has a different exception specifier
  710 | void NEWDEL_CCDECL operator delete[]( void * p )
      |                    ^~~~~~~~
/usr/lib/gcc/x86_64-pc-linux-gnu/15/include/g++-v15/new:145:6: note: from previous declaration ‘void operator delete [](void*) noexcept’
  145 | void operator delete[](void*) _GLIBCXX_TXN_SAFE _GLIBCXX_USE_NOEXCEPT
      |      ^~~~~~~~
/home/vitaly/p/Prime-World/pw/branches/r1117/Src/MemoryLib/newdelete.cpp:740:21: warning: declaration of ‘void* operator new(size_t, const std::nothrow_t&)’ has a different exception specifier
  740 | void *NEWDEL_CCDECL operator new(size_t size, const std::nothrow_t&)
      |                     ^~~~~~~~
/usr/lib/gcc/x86_64-pc-linux-gnu/15/include/g++-v15/new:155:26: note: from previous declaration ‘void* operator new(std::size_t, const std::nothrow_t&) noexcept’
  155 | _GLIBCXX_NODISCARD void* operator new(std::size_t, const std::nothrow_t&)
      |                          ^~~~~~~~
/home/vitaly/p/Prime-World/pw/branches/r1117/Src/MemoryLib/newdelete.cpp:745:21: warning: declaration of ‘void* operator new [](size_t, const std::nothrow_t&)’ has a different exception specifier
  745 | void *NEWDEL_CCDECL operator new[](size_t size, const std::nothrow_t&)
      |                     ^~~~~~~~
/usr/lib/gcc/x86_64-pc-linux-gnu/15/include/g++-v15/new:158:26: note: from previous declaration ‘void* operator new [](std::size_t, const std::nothrow_t&) noexcept’
  158 | _GLIBCXX_NODISCARD void* operator new[](std::size_t, const std::nothrow_t&)
      |                          ^~~~~~~~
/home/vitaly/p/Prime-World/pw/branches/r1117/Src/MemoryLib/newdelete.cpp:750:20: warning: declaration of ‘void operator delete(void*, const std::nothrow_t&)’ has a different exception specifier
  750 | void NEWDEL_CCDECL operator delete(void * p, const std::nothrow_t&)
      |                    ^~~~~~~~
/usr/lib/gcc/x86_64-pc-linux-gnu/15/include/g++-v15/new:161:6: note: from previous declaration ‘void operator delete(void*, const std::nothrow_t&) noexcept’
  161 | void operator delete(void*, const std::nothrow_t&)
      |      ^~~~~~~~
/home/vitaly/p/Prime-World/pw/branches/r1117/Src/MemoryLib/newdelete.cpp:755:20: warning: declaration of ‘void operator delete [](void*, const std::nothrow_t&)’ has a different exception specifier
  755 | void NEWDEL_CCDECL operator delete[](void * p, const std::nothrow_t&)
      |                    ^~~~~~~~
/usr/lib/gcc/x86_64-pc-linux-gnu/15/include/g++-v15/new:164:6: note: from previous declaration ‘void operator delete [](void*, const std::nothrow_t&) noexcept’
  164 | void operator delete[](void*, const std::nothrow_t&)
      |      ^~~~~~~~
make[3]: *** [CMakeFiles/PrimeWorld.dir/build.make:709: CMakeFiles/PrimeWorld.dir/MemoryLib/newdelete.cpp.o] Error 1
make[2]: *** [CMakeFiles/Makefile2:87: CMakeFiles/PrimeWorld.dir/all] Error 2
make[1]: *** [CMakeFiles/Makefile2:94: CMakeFiles/PrimeWorld.dir/rule] Error 2
make: *** [Makefile:124: PrimeWorld] Error 2
