[  0%] Building CXX object CMakeFiles/PrimeWorld.dir/MemoryLib/nedmalloc.cpp.o
In file included from /home/vitaly/p/Prime-World/pw/branches/r1117/Src/MemoryLib/nedmalloc.cpp:70:
/home/vitaly/p/Prime-World/pw/branches/r1117/Src/MemoryLib/malloc.c.h:660:9: warning: ‘M_TRIM_THRESHOLD’ redefined
  660 | #define M_TRIM_THRESHOLD     (-1)
      |         ^~~~~~~~~~~~~~~~
In file included from /home/vitaly/p/Prime-World/pw/branches/r1117/Src/MemoryLib/../System/Win32_linux.h:7,
                 from /home/vitaly/p/Prime-World/pw/branches/r1117/Src/MemoryLib/../System/config.h:51,
                 from /home/vitaly/p/Prime-World/pw/branches/r1117/Src/MemoryLib/stdafx.h:6,
                 from /home/vitaly/p/Prime-World/pw/branches/r1117/Src/MemoryLib/nedmalloc.cpp:1:
/usr/include/malloc.h:134:9: note: this is the location of the previous definition
  134 | #define M_TRIM_THRESHOLD    -1
      |         ^~~~~~~~~~~~~~~~
/home/vitaly/p/Prime-World/pw/branches/r1117/Src/MemoryLib/malloc.c.h:662:9: warning: ‘M_MMAP_THRESHOLD’ redefined
  662 | #define M_MMAP_THRESHOLD     (-3)
      |         ^~~~~~~~~~~~~~~~
/usr/include/malloc.h:136:9: note: this is the location of the previous definition
  136 | #define M_MMAP_THRESHOLD    -3
      |         ^~~~~~~~~~~~~~~~
[  0%] Building CXX object CMakeFiles/PrimeWorld.dir/MemoryLib/newdelete.cpp.o
/home/vitaly/p/Prime-World/pw/branches/r1117/Src/MemoryLib/newdelete.cpp:11:10: fatal error: Vendor/DTW/inc/dbghelp.h: No such file or directory
   11 | #include "Vendor/DTW/inc/dbghelp.h"
      |          ^~~~~~~~~~~~~~~~~~~~~~~~~~
compilation terminated.
make[3]: *** [CMakeFiles/PrimeWorld.dir/build.make:709: CMakeFiles/PrimeWorld.dir/MemoryLib/newdelete.cpp.o] Error 1
make[2]: *** [CMakeFiles/Makefile2:87: CMakeFiles/PrimeWorld.dir/all] Error 2
make[1]: *** [CMakeFiles/Makefile2:94: CMakeFiles/PrimeWorld.dir/rule] Error 2
make: *** [Makefile:124: PrimeWorld] Error 2
