[  0%] Building CXX object CMakeFiles/PrimeWorld.dir/Network/RUDP/UdpAddr.cpp.o
In file included from /home/vitaly/p/Prime-World/pw/branches/r1117/Src/System/../System/Logger.h:7,
                 from /home/vitaly/p/Prime-World/pw/branches/r1117/Src/System/systemStdAfx.h:77,
                 from /home/vitaly/p/Prime-World/pw/branches/r1117/Src/Network/RUDP/stdafx.h:3,
                 from /home/vitaly/p/Prime-World/pw/branches/r1117/Src/Network/RUDP/UdpAddr.cpp:1:
/home/vitaly/p/Prime-World/pw/branches/r1117/Src/System/../System/MultiReaderLock.h:22:14: warning: ‘template<class> class std::auto_ptr’ is deprecated: use 'std::unique_ptr' instead [-Wdeprecated-declarations]
   22 |   const std::auto_ptr< MultiReaderLockImpl > impl_;
      |              ^~~~~~~~
In file included from /usr/lib/gcc/x86_64-pc-linux-gnu/15/include/g++-v15/memory:80,
                 from /home/vitaly/p/Prime-World/pw/branches/r1117/Src/System/../System/MultiReaderLock.h:3:
/usr/lib/gcc/x86_64-pc-linux-gnu/15/include/g++-v15/bits/unique_ptr.h:58:28: note: declared here
   58 |   template<typename> class auto_ptr;
      |                            ^~~~~~~~
In file included from /home/vitaly/p/Prime-World/pw/branches/r1117/Src/System/systemStdAfx.h:162:
/home/vitaly/p/Prime-World/pw/branches/r1117/Src/System/../System/ncircular_buffer.h:293:15: warning: ‘template<class _Category, class _Tp, class _Distance, class _Pointer, class _Reference> struct std::iterator’ is deprecated [-Wdeprecated-declarations]
  293 | : public std::iterator<std::random_access_iterator_tag,
      |               ^~~~~~~~
In file included from /usr/lib/gcc/x86_64-pc-linux-gnu/15/include/g++-v15/bits/stl_algobase.h:65,
                 from /usr/lib/gcc/x86_64-pc-linux-gnu/15/include/g++-v15/bits/specfun.h:43,
                 from /usr/lib/gcc/x86_64-pc-linux-gnu/15/include/g++-v15/cmath:3913,
                 from /usr/lib/gcc/x86_64-pc-linux-gnu/15/include/g++-v15/math.h:36,
                 from /home/vitaly/p/Prime-World/pw/branches/r1117/Src/System/Win32_linux.h:9,
                 from /home/vitaly/p/Prime-World/pw/branches/r1117/Src/System/config.h:51,
                 from /home/vitaly/p/Prime-World/pw/branches/r1117/Src/System/systemStdAfx.h:4:
/usr/lib/gcc/x86_64-pc-linux-gnu/15/include/g++-v15/bits/stl_iterator_base_types.h:129:34: note: declared here
  129 |     struct _GLIBCXX17_DEPRECATED iterator
      |                                  ^~~~~~~~
[  0%] Building CXX object CMakeFiles/PrimeWorld.dir/Network/RUDP/UdpSocket.cpp.o
In file included from /home/vitaly/p/Prime-World/pw/branches/r1117/Src/System/../System/Logger.h:7,
                 from /home/vitaly/p/Prime-World/pw/branches/r1117/Src/System/systemStdAfx.h:77,
                 from /home/vitaly/p/Prime-World/pw/branches/r1117/Src/Network/RUDP/stdafx.h:3,
                 from /home/vitaly/p/Prime-World/pw/branches/r1117/Src/Network/RUDP/UdpSocket.cpp:1:
/home/vitaly/p/Prime-World/pw/branches/r1117/Src/System/../System/MultiReaderLock.h:22:14: warning: ‘template<class> class std::auto_ptr’ is deprecated: use 'std::unique_ptr' instead [-Wdeprecated-declarations]
   22 |   const std::auto_ptr< MultiReaderLockImpl > impl_;
      |              ^~~~~~~~
In file included from /usr/lib/gcc/x86_64-pc-linux-gnu/15/include/g++-v15/memory:80,
                 from /home/vitaly/p/Prime-World/pw/branches/r1117/Src/System/../System/MultiReaderLock.h:3:
/usr/lib/gcc/x86_64-pc-linux-gnu/15/include/g++-v15/bits/unique_ptr.h:58:28: note: declared here
   58 |   template<typename> class auto_ptr;
      |                            ^~~~~~~~
In file included from /home/vitaly/p/Prime-World/pw/branches/r1117/Src/System/systemStdAfx.h:162:
/home/vitaly/p/Prime-World/pw/branches/r1117/Src/System/../System/ncircular_buffer.h:293:15: warning: ‘template<class _Category, class _Tp, class _Distance, class _Pointer, class _Reference> struct std::iterator’ is deprecated [-Wdeprecated-declarations]
  293 | : public std::iterator<std::random_access_iterator_tag,
      |               ^~~~~~~~
In file included from /usr/lib/gcc/x86_64-pc-linux-gnu/15/include/g++-v15/bits/stl_algobase.h:65,
                 from /usr/lib/gcc/x86_64-pc-linux-gnu/15/include/g++-v15/bits/specfun.h:43,
                 from /usr/lib/gcc/x86_64-pc-linux-gnu/15/include/g++-v15/cmath:3913,
                 from /usr/lib/gcc/x86_64-pc-linux-gnu/15/include/g++-v15/math.h:36,
                 from /home/vitaly/p/Prime-World/pw/branches/r1117/Src/System/Win32_linux.h:9,
                 from /home/vitaly/p/Prime-World/pw/branches/r1117/Src/System/config.h:51,
                 from /home/vitaly/p/Prime-World/pw/branches/r1117/Src/System/systemStdAfx.h:4:
/usr/lib/gcc/x86_64-pc-linux-gnu/15/include/g++-v15/bits/stl_iterator_base_types.h:129:34: note: declared here
  129 |     struct _GLIBCXX17_DEPRECATED iterator
      |                                  ^~~~~~~~
In file included from /home/vitaly/p/Prime-World/pw/branches/r1117/Src/Network/RUDP/UdpSocket.cpp:2:
/home/vitaly/p/Prime-World/pw/branches/r1117/Src/Network/RUDP/UdpSocket.h:35:10: error: ‘SOCKET’ does not name a type
   35 |   static SOCKET CreateSocket( const NetAddr & _bindAddr, const Options & _options );
      |          ^~~~~~
/home/vitaly/p/Prime-World/pw/branches/r1117/Src/Network/RUDP/UdpSocket.h:37:20: error: expected ‘)’ before ‘_s’
   37 |   UdpSocket( SOCKET _s, const NetAddr & _bindAddr );
      |            ~       ^~~
      |                    )
/home/vitaly/p/Prime-World/pw/branches/r1117/Src/Network/RUDP/UdpSocket.h:44:3: error: ‘SOCKET’ does not name a type
   44 |   SOCKET AccessHandle() const { return sock; }
      |   ^~~~~~
/home/vitaly/p/Prime-World/pw/branches/r1117/Src/Network/RUDP/UdpSocket.h:50:3: error: ‘SOCKET’ does not name a type
   50 |   SOCKET                        sock;
      |   ^~~~~~
/home/vitaly/p/Prime-World/pw/branches/r1117/Src/Network/RUDP/UdpSocket.cpp: In static member function ‘static void ni_udp::UdpSocket::GlobalInit()’:
/home/vitaly/p/Prime-World/pw/branches/r1117/Src/Network/RUDP/UdpSocket.cpp:12:3: error: ‘WSADATA’ was not declared in this scope; did you mean ‘ZDATA’?
   12 |   WSADATA data;
      |   ^~~~~~~
      |   ZDATA
/home/vitaly/p/Prime-World/pw/branches/r1117/Src/Network/RUDP/UdpSocket.cpp:13:12: error: ‘data’ was not declared in this scope
   13 |   memset( &data, 0, sizeof( data ) );
      |            ^~~~
/home/vitaly/p/Prime-World/pw/branches/r1117/Src/Network/RUDP/UdpSocket.cpp:14:15: error: ‘MAKEWORD’ was not declared in this scope
   14 |   WSAStartup( MAKEWORD( 2, 2 ), &data );
      |               ^~~~~~~~
/home/vitaly/p/Prime-World/pw/branches/r1117/Src/Network/RUDP/UdpSocket.cpp:14:3: error: ‘WSAStartup’ was not declared in this scope
   14 |   WSAStartup( MAKEWORD( 2, 2 ), &data );
      |   ^~~~~~~~~~
/home/vitaly/p/Prime-World/pw/branches/r1117/Src/Network/RUDP/UdpSocket.cpp: In static member function ‘static void ni_udp::UdpSocket::GlobalShutdown()’:
/home/vitaly/p/Prime-World/pw/branches/r1117/Src/Network/RUDP/UdpSocket.cpp:21:3: error: ‘WSACleanup’ was not declared in this scope
   21 |   WSACleanup();
      |   ^~~~~~~~~~
/home/vitaly/p/Prime-World/pw/branches/r1117/Src/Network/RUDP/UdpSocket.cpp: At global scope:
/home/vitaly/p/Prime-World/pw/branches/r1117/Src/Network/RUDP/UdpSocket.cpp:28:32: error: ‘SOCKET’ was not declared in this scope
   28 | inline bool SetSockOptTimeval( SOCKET s, int opt )
      |                                ^~~~~~
/home/vitaly/p/Prime-World/pw/branches/r1117/Src/Network/RUDP/UdpSocket.cpp:28:42: error: expected primary-expression before ‘int’
   28 | inline bool SetSockOptTimeval( SOCKET s, int opt )
      |                                          ^~~
/home/vitaly/p/Prime-World/pw/branches/r1117/Src/Network/RUDP/UdpSocket.cpp:28:50: error: expression list treated as compound expression in initializer [-fpermissive]
   28 | inline bool SetSockOptTimeval( SOCKET s, int opt )
      |                                                  ^
/home/vitaly/p/Prime-World/pw/branches/r1117/Src/Network/RUDP/UdpSocket.cpp:37:1: error: ‘SOCKET’ does not name a type
   37 | SOCKET UdpSocket::CreateSocket( const NetAddr & _bindAddr, const Options & _options )
      | ^~~~~~
/home/vitaly/p/Prime-World/pw/branches/r1117/Src/Network/RUDP/UdpSocket.cpp:133:21: error: expected constructor, destructor, or type conversion before ‘(’ token
  133 | UdpSocket::UdpSocket( SOCKET _s, const NetAddr & _bindAddr ) :
      |                     ^
/home/vitaly/p/Prime-World/pw/branches/r1117/Src/Network/RUDP/UdpSocket.cpp: In member function ‘void ni_udp::UdpSocket::Close()’:
/home/vitaly/p/Prime-World/pw/branches/r1117/Src/Network/RUDP/UdpSocket.cpp:150:8: error: ‘sock’ was not declared in this scope; did you mean ‘socket’?
  150 |   if ( sock != INVALID_SOCKET )
      |        ^~~~
      |        socket
/home/vitaly/p/Prime-World/pw/branches/r1117/Src/Network/RUDP/UdpSocket.cpp:150:16: error: ‘INVALID_SOCKET’ was not declared in this scope
  150 |   if ( sock != INVALID_SOCKET )
      |                ^~~~~~~~~~~~~~
/home/vitaly/p/Prime-World/pw/branches/r1117/Src/Network/RUDP/UdpSocket.cpp:152:7: error: ‘::closesocket’ has not been declared
  152 |     ::closesocket( sock );
      |       ^~~~~~~~~~~
/home/vitaly/p/Prime-World/pw/branches/r1117/Src/Network/RUDP/UdpSocket.cpp: In member function ‘bool ni_udp::UdpSocket::SocketIsValid() const’:
/home/vitaly/p/Prime-World/pw/branches/r1117/Src/Network/RUDP/UdpSocket.cpp:161:12: error: ‘sock’ was not declared in this scope; did you mean ‘socket’?
  161 |   return ( sock != INVALID_SOCKET );
      |            ^~~~
      |            socket
/home/vitaly/p/Prime-World/pw/branches/r1117/Src/Network/RUDP/UdpSocket.cpp:161:20: error: ‘INVALID_SOCKET’ was not declared in this scope
  161 |   return ( sock != INVALID_SOCKET );
      |                    ^~~~~~~~~~~~~~
/home/vitaly/p/Prime-World/pw/branches/r1117/Src/Network/RUDP/UdpSocket.cpp: In member function ‘void ni_udp::UdpSocket::SendDatagram(const ni_udp::NetAddr&, const void*, size_t)’:
/home/vitaly/p/Prime-World/pw/branches/r1117/Src/Network/RUDP/UdpSocket.cpp:170:8: error: ‘sock’ was not declared in this scope; did you mean ‘socket’?
  170 |   if ( sock == INVALID_SOCKET )
      |        ^~~~
      |        socket
/home/vitaly/p/Prime-World/pw/branches/r1117/Src/Network/RUDP/UdpSocket.cpp:170:16: error: ‘INVALID_SOCKET’ was not declared in this scope
  170 |   if ( sock == INVALID_SOCKET )
      |                ^~~~~~~~~~~~~~
/home/vitaly/p/Prime-World/pw/branches/r1117/Src/Network/RUDP/UdpSocket.cpp:173:18: error: ‘sock’ was not declared in this scope; did you mean ‘socket’?
  173 |   if ( ::sendto( sock, (const char *)_data, _size, 0, (const sockaddr *)&_destAddr, sizeof( _destAddr ) ) != (int)_size )
      |                  ^~~~
      |                  socket
/home/vitaly/p/Prime-World/pw/branches/r1117/Src/Network/RUDP/UdpSocket.cpp:175:16: error: ‘WSAGetLastError’ was not declared in this scope; did you mean ‘GetLastError’?
  175 |     int code = WSAGetLastError();
      |                ^~~~~~~~~~~~~~~
      |                GetLastError
make[3]: *** [CMakeFiles/PrimeWorld.dir/build.make:1367: CMakeFiles/PrimeWorld.dir/Network/RUDP/UdpSocket.cpp.o] Error 1
make[2]: *** [CMakeFiles/Makefile2:87: CMakeFiles/PrimeWorld.dir/all] Error 2
make[1]: *** [CMakeFiles/Makefile2:94: CMakeFiles/PrimeWorld.dir/rule] Error 2
make: *** [Makefile:124: PrimeWorld] Error 2
