[  0%] Building CXX object CMakeFiles/PrimeWorld.dir/Network/RUDP/UdpSocket.cpp.o
/home/vitaly/p/Prime-World/pw/branches/r1117/Src/Network/RUDP/UdpSocket.cpp:186:56: warning: missing terminating " character
  186 | ed to send datagram. sock=%d, code=%d, size=%d, addr=%s", sock, code, _size, _destAddr );
      |                                                        ^
/home/vitaly/p/Prime-World/pw/branches/r1117/Src/Network/RUDP/UdpSocket.cpp:186:56: error: missing terminating " character
  186 | ed to send datagram. sock=%d, code=%d, size=%d, addr=%s", sock, code, _size, _destAddr );
      |                                                        ^~~~~~~~~~~~~~~~~~~~~~~~~~~~~~~~~~
In file included from /home/vitaly/p/Prime-World/pw/branches/r1117/Src/System/../System/Logger.h:7,
                 from /home/vitaly/p/Prime-World/pw/branches/r1117/Src/System/systemStdAfx.h:77,
                 from /home/vitaly/p/Prime-World/pw/branches/r1117/Src/Network/RUDP/stdafx.h:3,
                 from /home/vitaly/p/Prime-World/pw/branches/r1117/Src/Network/RUDP/UdpSocket.cpp:1:
/home/vitaly/p/Prime-World/pw/branches/r1117/Src/System/../System/MultiReaderLock.h:22:14: warning: ‘template<class> class std::auto_ptr’ is deprecated: use 'std::unique_ptr' instead [-Wdeprecated-declarations]
   22 |   const std::auto_ptr< MultiReaderLockImpl > impl_;
      |              ^~~~~~~~
In file included from /usr/lib/gcc/x86_64-pc-linux-gnu/15/include/g++-v15/memory:80,
                 from /home/vitaly/p/Prime-World/pw/branches/r1117/Src/System/../System/MultiReaderLock.h:3:
/usr/lib/gcc/x86_64-pc-linux-gnu/15/include/g++-v15/bits/unique_ptr.h:58:28: note: declared here
   58 |   template<typename> class auto_ptr;
      |                            ^~~~~~~~
In file included from /home/vitaly/p/Prime-World/pw/branches/r1117/Src/System/systemStdAfx.h:162:
/home/vitaly/p/Prime-World/pw/branches/r1117/Src/System/../System/ncircular_buffer.h:293:15: warning: ‘template<class _Category, class _Tp, class _Distance, class _Pointer, class _Reference> struct std::iterator’ is deprecated [-Wdeprecated-declarations]
  293 | : public std::iterator<std::random_access_iterator_tag,
      |               ^~~~~~~~
In file included from /usr/lib/gcc/x86_64-pc-linux-gnu/15/include/g++-v15/bits/stl_algobase.h:65,
                 from /usr/lib/gcc/x86_64-pc-linux-gnu/15/include/g++-v15/bits/specfun.h:43,
                 from /usr/lib/gcc/x86_64-pc-linux-gnu/15/include/g++-v15/cmath:3913,
                 from /usr/lib/gcc/x86_64-pc-linux-gnu/15/include/g++-v15/math.h:36,
                 from /home/vitaly/p/Prime-World/pw/branches/r1117/Src/System/Win32_linux.h:9,
                 from /home/vitaly/p/Prime-World/pw/branches/r1117/Src/System/config.h:51,
                 from /home/vitaly/p/Prime-World/pw/branches/r1117/Src/System/systemStdAfx.h:4:
/usr/lib/gcc/x86_64-pc-linux-gnu/15/include/g++-v15/bits/stl_iterator_base_types.h:129:34: note: declared here
  129 |     struct _GLIBCXX17_DEPRECATED iterator
      |                                  ^~~~~~~~
/home/vitaly/p/Prime-World/pw/branches/r1117/Src/Network/RUDP/UdpSocket.cpp: In static member function ‘static void ni_udp::UdpSocket::GlobalInit()’:
/home/vitaly/p/Prime-World/pw/branches/r1117/Src/Network/RUDP/UdpSocket.cpp:12:3: error: ‘WSADATA’ was not declared in this scope; did you mean ‘ZDATA’?
   12 |   WSADATA data;
      |   ^~~~~~~
      |   ZDATA
/home/vitaly/p/Prime-World/pw/branches/r1117/Src/Network/RUDP/UdpSocket.cpp:13:12: error: ‘data’ was not declared in this scope
   13 |   memset( &data, 0, sizeof( data ) );
      |            ^~~~
/home/vitaly/p/Prime-World/pw/branches/r1117/Src/Network/RUDP/UdpSocket.cpp:14:15: error: ‘MAKEWORD’ was not declared in this scope
   14 |   WSAStartup( MAKEWORD( 2, 2 ), &data );
      |               ^~~~~~~~
/home/vitaly/p/Prime-World/pw/branches/r1117/Src/Network/RUDP/UdpSocket.cpp:14:3: error: ‘WSAStartup’ was not declared in this scope
   14 |   WSAStartup( MAKEWORD( 2, 2 ), &data );
      |   ^~~~~~~~~~
/home/vitaly/p/Prime-World/pw/branches/r1117/Src/Network/RUDP/UdpSocket.cpp: In static member function ‘static void ni_udp::UdpSocket::GlobalShutdown()’:
/home/vitaly/p/Prime-World/pw/branches/r1117/Src/Network/RUDP/UdpSocket.cpp:21:3: error: ‘WSACleanup’ was not declared in this scope
   21 |   WSACleanup();
      |   ^~~~~~~~~~
/home/vitaly/p/Prime-World/pw/branches/r1117/Src/Network/RUDP/UdpSocket.cpp: In static member function ‘static SOCKET ni_udp::UdpSocket::CreateSocket(const ni_udp::NetAddr&, const Options&)’:
/home/vitaly/p/Prime-World/pw/branches/r1117/Src/Network/RUDP/UdpSocket.cpp:54:65: error: ‘WSAGetLastError’ was not declared in this scope; did you mean ‘GetLastError’?
   54 |     ErrorTrace( "Failed to set SO_REUSEADDR. code=%d, addr=%s", WSAGetLastError(), _bindAddr );
      |                                                                 ^~~~~~~~~~~~~~~
      |                                                                 GetLastError
/home/vitaly/p/Prime-World/pw/branches/r1117/Src/Network/RUDP/UdpSocket.cpp:55:7: error: ‘::closesocket’ has not been declared
   55 |     ::closesocket( s );
      |       ^~~~~~~~~~~
/home/vitaly/p/Prime-World/pw/branches/r1117/Src/Network/RUDP/UdpSocket.cpp:63:66: error: ‘WSAGetLastError’ was not declared in this scope; did you mean ‘GetLastError’?
   63 |       ErrorTrace( "Failed to set SO_RCVTIMEO. code=%d, addr=%s", WSAGetLastError(), _bindAddr );
      |                                                                  ^~~~~~~~~~~~~~~
      |                                                                  GetLastError
/home/vitaly/p/Prime-World/pw/branches/r1117/Src/Network/RUDP/UdpSocket.cpp:64:9: error: ‘::closesocket’ has not been declared
   64 |       ::closesocket( s );
      |         ^~~~~~~~~~~
/home/vitaly/p/Prime-World/pw/branches/r1117/Src/Network/RUDP/UdpSocket.cpp:70:66: error: ‘WSAGetLastError’ was not declared in this scope; did you mean ‘GetLastError’?
   70 |       ErrorTrace( "Failed to set SO_SNDTIMEO. code=%d, addr=%s", WSAGetLastError(), _bindAddr );
      |                                                                  ^~~~~~~~~~~~~~~
      |                                                                  GetLastError
/home/vitaly/p/Prime-World/pw/branches/r1117/Src/Network/RUDP/UdpSocket.cpp:71:9: error: ‘::closesocket’ has not been declared
   71 |       ::closesocket( s );
      |         ^~~~~~~~~~~
/home/vitaly/p/Prime-World/pw/branches/r1117/Src/Network/RUDP/UdpSocket.cpp:79:64: error: invalid conversion from ‘int*’ to ‘socklen_t*’ {aka ‘unsigned int*’} [-fpermissive]
   79 |     if ( ::getsockopt( s, SOL_SOCKET, SO_SNDBUF, (char *)&opt, &len ) == 0 )
      |                                                                ^~~~
      |                                                                |
      |                                                                int*
In file included from /home/vitaly/p/Prime-World/pw/branches/r1117/Src/System/systemStdAfx.h:47:
/usr/include/sys/socket.h:257:46: note: initializing argument 5 of ‘int getsockopt(int, int, int, void*, socklen_t*)’
  257 |                        socklen_t *__restrict __optlen) __THROW;
      |                        ~~~~~~~~~~~~~~~~~~~~~~^~~~~~~~
/home/vitaly/p/Prime-World/pw/branches/r1117/Src/Network/RUDP/UdpSocket.cpp:84:64: error: ‘WSAGetLastError’ was not declared in this scope; did you mean ‘GetLastError’?
   84 |       ErrorTrace( "Failed to set SO_SNDBUF. code=%d, addr=%s", WSAGetLastError(), _bindAddr );
      |                                                                ^~~~~~~~~~~~~~~
      |                                                                GetLastError
/home/vitaly/p/Prime-World/pw/branches/r1117/Src/Network/RUDP/UdpSocket.cpp:85:9: error: ‘::closesocket’ has not been declared
   85 |       ::closesocket( s );
      |         ^~~~~~~~~~~
/home/vitaly/p/Prime-World/pw/branches/r1117/Src/Network/RUDP/UdpSocket.cpp:90:64: error: invalid conversion from ‘int*’ to ‘socklen_t*’ {aka ‘unsigned int*’} [-fpermissive]
   90 |     if ( ::getsockopt( s, SOL_SOCKET, SO_SNDBUF, (char *)&opt, &len ) == 0 )
      |                                                                ^~~~
      |                                                                |
      |                                                                int*
/usr/include/sys/socket.h:257:46: note: initializing argument 5 of ‘int getsockopt(int, int, int, void*, socklen_t*)’
  257 |                        socklen_t *__restrict __optlen) __THROW;
      |                        ~~~~~~~~~~~~~~~~~~~~~~^~~~~~~~
/home/vitaly/p/Prime-World/pw/branches/r1117/Src/Network/RUDP/UdpSocket.cpp:98:64: error: invalid conversion from ‘int*’ to ‘socklen_t*’ {aka ‘unsigned int*’} [-fpermissive]
   98 |     if ( ::getsockopt( s, SOL_SOCKET, SO_RCVBUF, (char *)&opt, &len ) == 0 )
      |                                                                ^~~~
      |                                                                |
      |                                                                int*
/usr/include/sys/socket.h:257:46: note: initializing argument 5 of ‘int getsockopt(int, int, int, void*, socklen_t*)’
  257 |                        socklen_t *__restrict __optlen) __THROW;
      |                        ~~~~~~~~~~~~~~~~~~~~~~^~~~~~~~
/home/vitaly/p/Prime-World/pw/branches/r1117/Src/Network/RUDP/UdpSocket.cpp:103:64: error: ‘WSAGetLastError’ was not declared in this scope; did you mean ‘GetLastError’?
  103 |       ErrorTrace( "Failed to set SO_RCVBUF. code=%d, addr=%s", WSAGetLastError(), _bindAddr );
      |                                                                ^~~~~~~~~~~~~~~
      |                                                                GetLastError
/home/vitaly/p/Prime-World/pw/branches/r1117/Src/Network/RUDP/UdpSocket.cpp:104:9: error: ‘::closesocket’ has not been declared
  104 |       ::closesocket( s );
      |         ^~~~~~~~~~~
/home/vitaly/p/Prime-World/pw/branches/r1117/Src/Network/RUDP/UdpSocket.cpp:109:64: error: invalid conversion from ‘int*’ to ‘socklen_t*’ {aka ‘unsigned int*’} [-fpermissive]
  109 |     if ( ::getsockopt( s, SOL_SOCKET, SO_RCVBUF, (char *)&opt, &len ) == 0 )
      |                                                                ^~~~
      |                                                                |
      |                                                                int*
/usr/include/sys/socket.h:257:46: note: initializing argument 5 of ‘int getsockopt(int, int, int, void*, socklen_t*)’
  257 |                        socklen_t *__restrict __optlen) __THROW;
      |                        ~~~~~~~~~~~~~~~~~~~~~~^~~~~~~~
/home/vitaly/p/Prime-World/pw/branches/r1117/Src/Network/RUDP/UdpSocket.cpp:115:10: error: ‘::ioctlsocket’ has not been declared
  115 |   if ( ::ioctlsocket( s, FIONBIO, &nbon ) != 0 )
      |          ^~~~~~~~~~~
/home/vitaly/p/Prime-World/pw/branches/r1117/Src/Network/RUDP/UdpSocket.cpp:115:26: error: ‘FIONBIO’ was not declared in this scope
  115 |   if ( ::ioctlsocket( s, FIONBIO, &nbon ) != 0 )
      |                          ^~~~~~~
/home/vitaly/p/Prime-World/pw/branches/r1117/Src/Network/RUDP/UdpSocket.cpp:117:70: error: ‘WSAGetLastError’ was not declared in this scope; did you mean ‘GetLastError’?
  117 |     ErrorTrace( "Failed to set FIONBIO. code=%d, value=%d, addr=%s", WSAGetLastError(), nbon, _bindAddr );
      |                                                                      ^~~~~~~~~~~~~~~
      |                                                                      GetLastError
/home/vitaly/p/Prime-World/pw/branches/r1117/Src/Network/RUDP/UdpSocket.cpp:118:7: error: ‘::closesocket’ has not been declared
  118 |     ::closesocket( s );
      |       ^~~~~~~~~~~
/home/vitaly/p/Prime-World/pw/branches/r1117/Src/Network/RUDP/UdpSocket.cpp:124:62: error: ‘WSAGetLastError’ was not declared in this scope; did you mean ‘GetLastError’?
  124 |     WarningTrace( "Failed to bind socket. code=%d, addr=%s", WSAGetLastError(), _bindAddr );
      |                                                              ^~~~~~~~~~~~~~~
      |                                                              GetLastError
/home/vitaly/p/Prime-World/pw/branches/r1117/Src/Network/RUDP/UdpSocket.cpp:125:7: error: ‘::closesocket’ has not been declared
  125 |     ::closesocket( s );
      |       ^~~~~~~~~~~
/home/vitaly/p/Prime-World/pw/branches/r1117/Src/Network/RUDP/UdpSocket.cpp: In member function ‘void ni_udp::UdpSocket::Close()’:
/home/vitaly/p/Prime-World/pw/branches/r1117/Src/Network/RUDP/UdpSocket.cpp:156:7: error: ‘::closesocket’ has not been declared
  156 |     ::closesocket( sock );
      |       ^~~~~~~~~~~
/home/vitaly/p/Prime-World/pw/branches/r1117/Src/Network/RUDP/UdpSocket.cpp: In member function ‘void ni_udp::UdpSocket::SendDatagram(const ni_udp::NetAddr&, const void*, size_t)’:
/home/vitaly/p/Prime-World/pw/branches/r1117/Src/Network/RUDP/UdpSocket.cpp:179:16: error: ‘WSAGetLastError’ was not declared in this scope; did you mean ‘GetLastError’?
  179 |     int code = WSAGetLastError();
      |                ^~~~~~~~~~~~~~~
      |                GetLastError
/home/vitaly/p/Prime-World/pw/branches/r1117/Src/Network/RUDP/UdpSocket.cpp: At global scope:
/home/vitaly/p/Prime-World/pw/branches/r1117/Src/Network/RUDP/UdpSocket.cpp:186:1: error: ‘ed’ does not name a type
  186 | ed to send datagram. sock=%d, code=%d, size=%d, addr=%s", sock, code, _size, _destAddr );
      | ^~
/home/vitaly/p/Prime-World/pw/branches/r1117/Src/Network/RUDP/UdpSocket.cpp:188:3: error: expected declaration before ‘}’ token
  188 |   }
      |   ^
/home/vitaly/p/Prime-World/pw/branches/r1117/Src/Network/RUDP/UdpSocket.cpp:189:1: error: expected declaration before ‘}’ token
  189 | }
      | ^
/home/vitaly/p/Prime-World/pw/branches/r1117/Src/Network/RUDP/UdpSocket.cpp:191:1: error: expected declaration before ‘}’ token
  191 | } //namespace ni_udp
      | ^
make[3]: *** [CMakeFiles/PrimeWorld.dir/build.make:1367: CMakeFiles/PrimeWorld.dir/Network/RUDP/UdpSocket.cpp.o] Error 1
make[2]: *** [CMakeFiles/Makefile2:87: CMakeFiles/PrimeWorld.dir/all] Error 2
make[1]: *** [CMakeFiles/Makefile2:94: CMakeFiles/PrimeWorld.dir/rule] Error 2
make: *** [Makefile:124: PrimeWorld] Error 2
