[  0%] Building CXX object CMakeFiles/PrimeWorld.dir/Game/PF/Client/LobbyPvx/LobbyClientBase.cpp.o
In file included from /home/vitaly/p/Prime-World/pw/branches/r1117/Src/System/../System/Logger.h:7,
                 from /home/vitaly/p/Prime-World/pw/branches/r1117/Src/System/systemStdAfx.h:77,
                 from /home/vitaly/p/Prime-World/pw/branches/r1117/Src/Game/PF/Client/LobbyPvx/stdafx.h:3,
                 from /home/vitaly/p/Prime-World/pw/branches/r1117/Src/Game/PF/Client/LobbyPvx/LobbyClientBase.cpp:1:
/home/vitaly/p/Prime-World/pw/branches/r1117/Src/System/../System/MultiReaderLock.h:22:14: warning: ‘template<class> class std::auto_ptr’ is deprecated: use 'std::unique_ptr' instead [-Wdeprecated-declarations]
   22 |   const std::auto_ptr< MultiReaderLockImpl > impl_;
      |              ^~~~~~~~
In file included from /usr/lib/gcc/x86_64-pc-linux-gnu/15/include/g++-v15/memory:80,
                 from /home/vitaly/p/Prime-World/pw/branches/r1117/Src/System/../System/MultiReaderLock.h:3:
/usr/lib/gcc/x86_64-pc-linux-gnu/15/include/g++-v15/bits/unique_ptr.h:58:28: note: declared here
   58 |   template<typename> class auto_ptr;
      |                            ^~~~~~~~
In file included from /home/vitaly/p/Prime-World/pw/branches/r1117/Src/System/systemStdAfx.h:162:
/home/vitaly/p/Prime-World/pw/branches/r1117/Src/System/../System/ncircular_buffer.h:293:15: warning: ‘template<class _Category, class _Tp, class _Distance, class _Pointer, class _Reference> struct std::iterator’ is deprecated [-Wdeprecated-declarations]
  293 | : public std::iterator<std::random_access_iterator_tag,
      |               ^~~~~~~~
In file included from /usr/lib/gcc/x86_64-pc-linux-gnu/15/include/g++-v15/bits/stl_algobase.h:65,
                 from /usr/lib/gcc/x86_64-pc-linux-gnu/15/include/g++-v15/bits/specfun.h:43,
                 from /usr/lib/gcc/x86_64-pc-linux-gnu/15/include/g++-v15/cmath:3913,
                 from /usr/lib/gcc/x86_64-pc-linux-gnu/15/include/g++-v15/math.h:36,
                 from /home/vitaly/p/Prime-World/pw/branches/r1117/Src/System/Win32_linux.h:9,
                 from /home/vitaly/p/Prime-World/pw/branches/r1117/Src/System/config.h:51,
                 from /home/vitaly/p/Prime-World/pw/branches/r1117/Src/System/systemStdAfx.h:4:
/usr/lib/gcc/x86_64-pc-linux-gnu/15/include/g++-v15/bits/stl_iterator_base_types.h:129:34: note: declared here
  129 |     struct _GLIBCXX17_DEPRECATED iterator
      |                                  ^~~~~~~~
In file included from /home/vitaly/p/Prime-World/pw/branches/r1117/Src/Game/PF/Client/LobbyPvx/LobbyClientBase.cpp:2:
/home/vitaly/p/Prime-World/pw/branches/r1117/Src/Game/PF/Client/LobbyPvx/LobbyClientBase.h:110:3: error: ‘__time32_t’ does not name a type; did you mean ‘__timer_t’?
  110 |   __time32_t                ServerTimestamp() const { return serverTimestamp; }
      |   ^~~~~~~~~~
      |   __timer_t
/home/vitaly/p/Prime-World/pw/branches/r1117/Src/Game/PF/Client/LobbyPvx/LobbyClientBase.h:169:12: error: ‘LobbyUserProxy’ was not declared in this scope
  169 |   StrongMT<LobbyUserProxy>        lobbyUserProxy;
      |            ^~~~~~~~~~~~~~
/home/vitaly/p/Prime-World/pw/branches/r1117/Src/Game/PF/Client/LobbyPvx/LobbyClientBase.h:169:26: error: template argument 1 is invalid
  169 |   StrongMT<LobbyUserProxy>        lobbyUserProxy;
      |                          ^
/home/vitaly/p/Prime-World/pw/branches/r1117/Src/Game/PF/Client/LobbyPvx/LobbyClientBase.h:183:3: error: ‘__time32_t’ does not name a type; did you mean ‘__timer_t’?
  183 |   __time32_t                      serverTimestamp;
      |   ^~~~~~~~~~
      |   __timer_t
/home/vitaly/p/Prime-World/pw/branches/r1117/Src/Game/PF/Client/LobbyPvx/LobbyClientBase.cpp: In constructor ‘lobby::ClientBase::ClientBase(Transport::TClientId, bool)’:
/home/vitaly/p/Prime-World/pw/branches/r1117/Src/Game/PF/Client/LobbyPvx/LobbyClientBase.cpp:65:1: error: class ‘lobby::ClientBase’ does not have any field named ‘serverTimestamp’
   65 | serverTimestamp( 0 ),
      | ^~~~~~~~~~~~~~~
/home/vitaly/p/Prime-World/pw/branches/r1117/Src/Game/PF/Client/LobbyPvx/LobbyClientBase.cpp:69:20: error: invalid conversion from ‘lobby::LobbyUserProxy*’ to ‘int’ [-fpermissive]
   69 |   lobbyUserProxy = new LobbyUserProxy( this );
      |                    ^~~~~~~~~~~~~~~~~~~~~~~~~~
      |                    |
      |                    lobby::LobbyUserProxy*
/home/vitaly/p/Prime-World/pw/branches/r1117/Src/Game/PF/Client/LobbyPvx/LobbyClientBase.cpp: In member function ‘void lobby::ClientBase::OnEntrance()’:
/home/vitaly/p/Prime-World/pw/branches/r1117/Src/Game/PF/Client/LobbyPvx/LobbyClientBase.cpp:225:67: error: no matching function for call to ‘RemotePtr<lobby::RILobbyUser>(int&)’
  225 |   entrance->iface()->RequestServerInstance( RemotePtr<RILobbyUser>( lobbyUserProxy ), VERSION_REVISION, this, &ClientBase::OnGetServerInstance );
      |                                             ~~~~~~~~~~~~~~~~~~~~~~^~~~~~~~~~~~~~~~~~
/home/vitaly/p/Prime-World/pw/branches/r1117/Src/Game/PF/Client/LobbyPvx/LobbyClientBase.cpp:225:67: note: there are 5 candidates
In file included from /home/vitaly/p/Prime-World/pw/branches/r1117/Src/Game/PF/Client/LobbyPvx/LobbyClientBase.h:4:
/home/vitaly/p/Prime-World/pw/branches/r1117/Src/Server/RPC/RPC.h:38:43: note: candidate 1: ‘rpc::IRemoteEntity* RemotePtr(const StrongMT<T>&) [with P = lobby::RILobbyUser]’ (near match)
   38 | template <typename P> rpc::IRemoteEntity* RemotePtr(const StrongMT<P>& value) { return rpc::CreateLocalRemoteWrapper(value.Get(), (BaseObjectMT*)value.Get(), rpc::GetId<P>()); }
      |                                           ^~~~~~~~~
/home/vitaly/p/Prime-World/pw/branches/r1117/Src/Server/RPC/RPC.h:38:43: note: conversion of argument 1 would be ill-formed:
/home/vitaly/p/Prime-World/pw/branches/r1117/Src/Game/PF/Client/LobbyPvx/LobbyClientBase.cpp:225:69: error: invalid user-defined conversion from ‘int’ to ‘const StrongMT<lobby::RILobbyUser>&’ [-fpermissive]
  225 |   entrance->iface()->RequestServerInstance( RemotePtr<RILobbyUser>( lobbyUserProxy ), VERSION_REVISION, this, &ClientBase::OnGetServerInstance );
      |                                                                     ^~~~~~~~~~~~~~
In file included from /home/vitaly/p/Prime-World/pw/branches/r1117/Src/System/../System/Pointers/Pointers.h:7,
                 from /home/vitaly/p/Prime-World/pw/branches/r1117/Src/System/../System/Logger.h:8:
/home/vitaly/p/Prime-World/pw/branches/r1117/Src/System/../System/Pointers/Strong.h:114:29: note: candidate is: ‘StrongMT<T>::StrongMT(T*) [with T = lobby::RILobbyUser]’ (near match)
  114 | NII_DECLARE_STRONG_POINTER( StrongMT, BaseObjectMT );
      |                             ^~~~~~~~
/home/vitaly/p/Prime-World/pw/branches/r1117/Src/System/../System/Pointers/Strong.h:95:3: note: in definition of macro ‘NII_DECLARE_STRONG_POINTER’
   95 |   className( T * p ) : base_class_t::StrongTemplate( p ) {} \
      |   ^~~~~~~~~
/home/vitaly/p/Prime-World/pw/branches/r1117/Src/System/../System/Pointers/Strong.h:114:29: note: conversion of argument 1 would be ill-formed:
  114 | NII_DECLARE_STRONG_POINTER( StrongMT, BaseObjectMT );
      |                             ^~~~~~~~
/home/vitaly/p/Prime-World/pw/branches/r1117/Src/System/../System/Pointers/Strong.h:95:3: note: in definition of macro ‘NII_DECLARE_STRONG_POINTER’
   95 |   className( T * p ) : base_class_t::StrongTemplate( p ) {} \
      |   ^~~~~~~~~
/home/vitaly/p/Prime-World/pw/branches/r1117/Src/Game/PF/Client/LobbyPvx/LobbyClientBase.cpp:225:69: error: invalid conversion from ‘int’ to ‘lobby::RILobbyUser*’ [-fpermissive]
  225 |   entrance->iface()->RequestServerInstance( RemotePtr<RILobbyUser>( lobbyUserProxy ), VERSION_REVISION, this, &ClientBase::OnGetServerInstance );
      |                                                                     ^~~~~~~~~~~~~~
      |                                                                     |
      |                                                                     int
/home/vitaly/p/Prime-World/pw/branches/r1117/Src/Game/PF/Client/LobbyPvx/LobbyClientBase.cpp:225:69: error: invalid conversion from ‘int’ to ‘lobby::RILobbyUser*’ [-fpermissive]
  225 |   entrance->iface()->RequestServerInstance( RemotePtr<RILobbyUser>( lobbyUserProxy ), VERSION_REVISION, this, &ClientBase::OnGetServerInstance );
      |                                                                     ^~~~~~~~~~~~~~
      |                                                                     |
      |                                                                     int
/home/vitaly/p/Prime-World/pw/branches/r1117/Src/System/../System/Pointers/Strong.h:95:18: note: initializing argument 1 of ‘StrongMT<T>::StrongMT(T*) [with T = lobby::RILobbyUser]’
   95 |   className( T * p ) : base_class_t::StrongTemplate( p ) {} \
      |              ~~~~^
/home/vitaly/p/Prime-World/pw/branches/r1117/Src/System/../System/Pointers/Strong.h:114:1: note: in expansion of macro ‘NII_DECLARE_STRONG_POINTER’
  114 | NII_DECLARE_STRONG_POINTER( StrongMT, BaseObjectMT );
      | ^~~~~~~~~~~~~~~~~~~~~~~~~~
/home/vitaly/p/Prime-World/pw/branches/r1117/Src/Server/RPC/RPC.h:39:38: note: candidate 2: ‘template<class T, class P> T* RemotePtr(const StrongMT<P>&)’
   39 | template <typename T, typename P> T* RemotePtr(const StrongMT<P>& value) { return (T*)rpc::CreateLocalRemoteWrapper(value.Get(), (BaseObjectMT*)value.Get(), rpc::GetId<T>()); }
      |                                      ^~~~~~~~~
/home/vitaly/p/Prime-World/pw/branches/r1117/Src/Server/RPC/RPC.h:39:38: note: template argument deduction/substitution failed:
/home/vitaly/p/Prime-World/pw/branches/r1117/Src/Game/PF/Client/LobbyPvx/LobbyClientBase.cpp:225:67: note:   mismatched types ‘const StrongMT<P>’ and ‘int’
  225 |   entrance->iface()->RequestServerInstance( RemotePtr<RILobbyUser>( lobbyUserProxy ), VERSION_REVISION, this, &ClientBase::OnGetServerInstance );
      |                                             ~~~~~~~~~~~~~~~~~~~~~~^~~~~~~~~~~~~~~~~~
/home/vitaly/p/Prime-World/pw/branches/r1117/Src/Server/RPC/RPC.h:41:51: note: candidate 3: ‘template<class T, class P, class P0> T* RemotePtr(const StrongMT<P>&, P0)’
   41 | template <typename T, typename P, typename P0> T* RemotePtr(const StrongMT<P>& value, P0 p0) { return (T*)rpc::CreateLocalRemoteWrapper(value.Get(), (BaseObjectMT*)value.Get(), rpc::GetId<T>()); }
      |                                                   ^~~~~~~~~
/home/vitaly/p/Prime-World/pw/branches/r1117/Src/Server/RPC/RPC.h:41:51: note: candidate expects 2 arguments, 1 provided
/home/vitaly/p/Prime-World/pw/branches/r1117/Src/Server/RPC/RPC.h:42:50: note: candidate 4: ‘template<class T, class P, class C> T* RemotePtr(const C*)’
   42 | template <typename T, typename P, typename C> T* RemotePtr(const C* value) { StrongMT<P> temp((P*)value); return (T*)rpc::CreateLocalRemoteWrapper(temp.Get(), (BaseObjectMT*)temp.Get(), rpc::GetId<P>()); }
      |                                                  ^~~~~~~~~
/home/vitaly/p/Prime-World/pw/branches/r1117/Src/Server/RPC/RPC.h:42:50: note: template argument deduction/substitution failed:
/home/vitaly/p/Prime-World/pw/branches/r1117/Src/Game/PF/Client/LobbyPvx/LobbyClientBase.cpp:225:67: note:   mismatched types ‘const C*’ and ‘int’
  225 |   entrance->iface()->RequestServerInstance( RemotePtr<RILobbyUser>( lobbyUserProxy ), VERSION_REVISION, this, &ClientBase::OnGetServerInstance );
      |                                             ~~~~~~~~~~~~~~~~~~~~~~^~~~~~~~~~~~~~~~~~
/home/vitaly/p/Prime-World/pw/branches/r1117/Src/Server/RPC/RPC.h:43:38: note: candidate 5: ‘template<class P, class C> P* RemotePtr(C*)’
   43 | template <typename P, typename C> P* RemotePtr(C* value) { StrongMT<C> temp(value); return (P*)rpc::CreateLocalRemoteWrapper(temp.Get(), (BaseObjectMT*)temp.Get(), rpc::GetId<P>()); }
      |                                      ^~~~~~~~~
/home/vitaly/p/Prime-World/pw/branches/r1117/Src/Server/RPC/RPC.h:43:38: note: template argument deduction/substitution failed:
/home/vitaly/p/Prime-World/pw/branches/r1117/Src/Game/PF/Client/LobbyPvx/LobbyClientBase.cpp:225:67: note:   mismatched types ‘C*’ and ‘int’
  225 |   entrance->iface()->RequestServerInstance( RemotePtr<RILobbyUser>( lobbyUserProxy ), VERSION_REVISION, this, &ClientBase::OnGetServerInstance );
      |                                             ~~~~~~~~~~~~~~~~~~~~~~^~~~~~~~~~~~~~~~~~
/home/vitaly/p/Prime-World/pw/branches/r1117/Src/Game/PF/Client/LobbyPvx/LobbyClientBase.cpp: In member function ‘virtual void lobby::ClientBase::StartSession(lobby::TGameId, const lobby::SGameParameters&, const lobby::TGameLineUp&, Peered::RIGameServer*, const Peered::SInstanceId&, unsigned int)’:
/home/vitaly/p/Prime-World/pw/branches/r1117/Src/Game/PF/Client/LobbyPvx/LobbyClientBase.cpp:434:3: error: ‘serverTimestamp’ was not declared in this scope
  434 |   serverTimestamp = (__time32_t)timestamp32;
      |   ^~~~~~~~~~~~~~~
/home/vitaly/p/Prime-World/pw/branches/r1117/Src/Game/PF/Client/LobbyPvx/LobbyClientBase.cpp:434:22: error: ‘__time32_t’ was not declared in this scope; did you mean ‘__timer_t’?
  434 |   serverTimestamp = (__time32_t)timestamp32;
      |                      ^~~~~~~~~~
      |                      __timer_t
/home/vitaly/p/Prime-World/pw/branches/r1117/Src/Game/PF/Client/LobbyPvx/LobbyClientBase.cpp:437:15: error: expected ‘;’ before ‘localTimestamp’
  437 |     __time32_t localTimestamp;
      |               ^~~~~~~~~~~~~~~
      |               ;
/home/vitaly/p/Prime-World/pw/branches/r1117/Src/Game/PF/Client/LobbyPvx/LobbyClientBase.cpp:438:15: error: ‘localTimestamp’ was not declared in this scope
  438 |     _time32( &localTimestamp );
      |               ^~~~~~~~~~~~~~
/home/vitaly/p/Prime-World/pw/branches/r1117/Src/Game/PF/Client/LobbyPvx/LobbyClientBase.cpp:438:5: error: ‘_time32’ was not declared in this scope
  438 |     _time32( &localTimestamp );
      |     ^~~~~~~
make[3]: *** [CMakeFiles/PrimeWorld.dir/build.make:569: CMakeFiles/PrimeWorld.dir/Game/PF/Client/LobbyPvx/LobbyClientBase.cpp.o] Error 1
make[2]: *** [CMakeFiles/Makefile2:87: CMakeFiles/PrimeWorld.dir/all] Error 2
make[1]: *** [CMakeFiles/Makefile2:94: CMakeFiles/PrimeWorld.dir/rule] Error 2
make: *** [Makefile:124: PrimeWorld] Error 2
