[  0%] Building CXX object CMakeFiles/PrimeWorld.dir/MemoryLib/newdelete.cpp.o
In file included from /home/vitaly/p/Prime-World/pw/branches/r1117/Src/MemoryLib/../System/../System/Logger.h:7,
                 from /home/vitaly/p/Prime-World/pw/branches/r1117/Src/MemoryLib/../System/systemStdAfx.h:77,
                 from /home/vitaly/p/Prime-World/pw/branches/r1117/Src/MemoryLib/SymAccess.h:5,
                 from /home/vitaly/p/Prime-World/pw/branches/r1117/Src/MemoryLib/newdelete.cpp:4:
/home/vitaly/p/Prime-World/pw/branches/r1117/Src/MemoryLib/../System/../System/MultiReaderLock.h:22:14: warning: ‘template<class> class std::auto_ptr’ is deprecated: use 'std::unique_ptr' instead [-Wdeprecated-declarations]
   22 |   const std::auto_ptr< MultiReaderLockImpl > impl_;
      |              ^~~~~~~~
In file included from /usr/lib/gcc/x86_64-pc-linux-gnu/15/include/g++-v15/memory:80,
                 from /home/vitaly/p/Prime-World/pw/branches/r1117/Src/MemoryLib/../System/../System/MultiReaderLock.h:3:
/usr/lib/gcc/x86_64-pc-linux-gnu/15/include/g++-v15/bits/unique_ptr.h:58:28: note: declared here
   58 |   template<typename> class auto_ptr;
      |                            ^~~~~~~~
In file included from /home/vitaly/p/Prime-World/pw/branches/r1117/Src/MemoryLib/../System/systemStdAfx.h:162:
/home/vitaly/p/Prime-World/pw/branches/r1117/Src/MemoryLib/../System/../System/ncircular_buffer.h:293:15: warning: ‘template<class _Category, class _Tp, class _Distance, class _Pointer, class _Reference> struct std::iterator’ is deprecated [-Wdeprecated-declarations]
  293 | : public std::iterator<std::random_access_iterator_tag,
      |               ^~~~~~~~
In file included from /usr/lib/gcc/x86_64-pc-linux-gnu/15/include/g++-v15/bits/stl_algobase.h:65,
                 from /usr/lib/gcc/x86_64-pc-linux-gnu/15/include/g++-v15/bits/specfun.h:43,
                 from /usr/lib/gcc/x86_64-pc-linux-gnu/15/include/g++-v15/cmath:3913,
                 from /usr/lib/gcc/x86_64-pc-linux-gnu/15/include/g++-v15/math.h:36,
                 from /home/vitaly/p/Prime-World/pw/branches/r1117/Src/MemoryLib/../System/Win32_linux.h:9,
                 from /home/vitaly/p/Prime-World/pw/branches/r1117/Src/MemoryLib/../System/config.h:51,
                 from /home/vitaly/p/Prime-World/pw/branches/r1117/Src/MemoryLib/stdafx.h:6,
                 from /home/vitaly/p/Prime-World/pw/branches/r1117/Src/MemoryLib/newdelete.cpp:1:
/usr/lib/gcc/x86_64-pc-linux-gnu/15/include/g++-v15/bits/stl_iterator_base_types.h:129:34: note: declared here
  129 |     struct _GLIBCXX17_DEPRECATED iterator
      |                                  ^~~~~~~~
/home/vitaly/p/Prime-World/pw/branches/r1117/Src/MemoryLib/newdelete.cpp: In function ‘const char* StrFmt(const char*, ...)’:
/home/vitaly/p/Prime-World/pw/branches/r1117/Src/MemoryLib/newdelete.cpp:99:3: error: ‘_vsnprintf_s’ was not declared in this scope; did you mean ‘vsnprintf’?
   99 |   _vsnprintf_s( charBuff, 1024 - 1, pszFormat, va );
      |   ^~~~~~~~~~~~
      |   vsnprintf
/home/vitaly/p/Prime-World/pw/branches/r1117/Src/MemoryLib/newdelete.cpp: In function ‘void InitializeAndEnterCritical()’:
/home/vitaly/p/Prime-World/pw/branches/r1117/Src/MemoryLib/newdelete.cpp:116:5: error: ‘InitializeCriticalSection’ was not declared in this scope
  116 |     InitializeCriticalSection( &g_block );
      |     ^~~~~~~~~~~~~~~~~~~~~~~~~
/home/vitaly/p/Prime-World/pw/branches/r1117/Src/MemoryLib/newdelete.cpp:119:3: error: ‘EnterCriticalSection’ was not declared in this scope
  119 |   EnterCriticalSection( &g_block );
      |   ^~~~~~~~~~~~~~~~~~~~
/home/vitaly/p/Prime-World/pw/branches/r1117/Src/MemoryLib/newdelete.cpp: In function ‘void RegisterMalloc(size_t, void*)’:
/home/vitaly/p/Prime-World/pw/branches/r1117/Src/MemoryLib/newdelete.cpp:128:5: error: ‘OutputDebugString’ was not declared in this scope
  128 |     OutputDebugString( "Malloc during output phase\n" );
      |     ^~~~~~~~~~~~~~~~~
/home/vitaly/p/Prime-World/pw/branches/r1117/Src/MemoryLib/newdelete.cpp:129:9: error: ‘IsDebuggerPresent’ was not declared in this scope; did you mean ‘NiIsDebuggerPresent’?
  129 |     if( IsDebuggerPresent() )
      |         ^~~~~~~~~~~~~~~~~
      |         NiIsDebuggerPresent
/home/vitaly/p/Prime-World/pw/branches/r1117/Src/MemoryLib/newdelete.cpp:130:7: error: ‘__debugbreak’ was not declared in this scope
  130 |       __debugbreak();
      |       ^~~~~~~~~~~~
/home/vitaly/p/Prime-World/pw/branches/r1117/Src/MemoryLib/newdelete.cpp:137:5: error: ‘LeaveCriticalSection’ was not declared in this scope
  137 |     LeaveCriticalSection( &g_block );
      |     ^~~~~~~~~~~~~~~~~~~~
/home/vitaly/p/Prime-World/pw/branches/r1117/Src/MemoryLib/newdelete.cpp:187:3: error: ‘LeaveCriticalSection’ was not declared in this scope
  187 |   LeaveCriticalSection( &g_block );
      |   ^~~~~~~~~~~~~~~~~~~~
/home/vitaly/p/Prime-World/pw/branches/r1117/Src/MemoryLib/newdelete.cpp: In function ‘void RegisterFree(void*)’:
/home/vitaly/p/Prime-World/pw/branches/r1117/Src/MemoryLib/newdelete.cpp:196:5: error: ‘OutputDebugString’ was not declared in this scope
  196 |     OutputDebugString( "Free during output phase" );
      |     ^~~~~~~~~~~~~~~~~
/home/vitaly/p/Prime-World/pw/branches/r1117/Src/MemoryLib/newdelete.cpp:197:9: error: ‘IsDebuggerPresent’ was not declared in this scope; did you mean ‘NiIsDebuggerPresent’?
  197 |     if( IsDebuggerPresent() )
      |         ^~~~~~~~~~~~~~~~~
      |         NiIsDebuggerPresent
/home/vitaly/p/Prime-World/pw/branches/r1117/Src/MemoryLib/newdelete.cpp:198:9: error: ‘__debugbreak’ was not declared in this scope
  198 |         __debugbreak();
      |         ^~~~~~~~~~~~
/home/vitaly/p/Prime-World/pw/branches/r1117/Src/MemoryLib/newdelete.cpp:204:3: error: ‘EnterCriticalSection’ was not declared in this scope
  204 |   EnterCriticalSection( &g_block );
      |   ^~~~~~~~~~~~~~~~~~~~
/home/vitaly/p/Prime-World/pw/branches/r1117/Src/MemoryLib/newdelete.cpp:208:5: error: ‘LeaveCriticalSection’ was not declared in this scope
  208 |     LeaveCriticalSection( &g_block );
      |     ^~~~~~~~~~~~~~~~~~~~
/home/vitaly/p/Prime-World/pw/branches/r1117/Src/MemoryLib/newdelete.cpp:262:3: error: ‘LeaveCriticalSection’ was not declared in this scope
  262 |   LeaveCriticalSection( &g_block );
      |   ^~~~~~~~~~~~~~~~~~~~
/home/vitaly/p/Prime-World/pw/branches/r1117/Src/MemoryLib/newdelete.cpp: At global scope:
/home/vitaly/p/Prime-World/pw/branches/r1117/Src/MemoryLib/newdelete.cpp:303:6: error: redefinition of ‘long int GetMallocsTotal()’
  303 | long GetMallocsTotal()
      |      ^~~~~~~~~~~~~~~
/home/vitaly/p/Prime-World/pw/branches/r1117/Src/MemoryLib/../System/config.h:55:21: note: ‘long int GetMallocsTotal()’ previously defined here
   55 |         inline long GetMallocsTotal()
      |                     ^~~~~~~~~~~~~~~
/home/vitaly/p/Prime-World/pw/branches/r1117/Src/MemoryLib/newdelete.cpp: In function ‘void DumpMemoryLeaks()’:
/home/vitaly/p/Prime-World/pw/branches/r1117/Src/MemoryLib/newdelete.cpp:404:5: error: ‘OutputDebugString’ was not declared in this scope
  404 |     OutputDebugString( "No memory leaks detected. Looks like everything is fine ;-).\n" );
      |     ^~~~~~~~~~~~~~~~~
/home/vitaly/p/Prime-World/pw/branches/r1117/Src/MemoryLib/newdelete.cpp:495:3: error: ‘OutputDebugString’ was not declared in this scope
  495 |   OutputDebugString( StrFmt( "%d new(s) has no appropriate delete\n", g_unfreeMaloc ) );
      |   ^~~~~~~~~~~~~~~~~
/home/vitaly/p/Prime-World/pw/branches/r1117/Src/MemoryLib/newdelete.cpp: In function ‘void Free(void*)’:
/home/vitaly/p/Prime-World/pw/branches/r1117/Src/MemoryLib/newdelete.cpp:559:5: error: there are no arguments to ‘__debugbreak’ that depend on a template parameter, so a declaration of ‘__debugbreak’ must be available [-Wtemplate-body]
  559 |     __debugbreak(); //double free bug
      |     ^~~~~~~~~~~~
/home/vitaly/p/Prime-World/pw/branches/r1117/Src/MemoryLib/newdelete.cpp:559:5: note: (if you use ‘-fpermissive’, G++ will accept your code, but allowing the use of an undeclared name is deprecated)
/home/vitaly/p/Prime-World/pw/branches/r1117/Src/MemoryLib/newdelete.cpp: At global scope:
/home/vitaly/p/Prime-World/pw/branches/r1117/Src/MemoryLib/newdelete.cpp:599:26: error: ‘MALLOC_STD_ALIGN’ was not declared in this scope
  599 |   unsigned char padding[ MALLOC_STD_ALIGN - sizeof(size_t) ];
      |                          ^~~~~~~~~~~~~~~~
/home/vitaly/p/Prime-World/pw/branches/r1117/Src/MemoryLib/newdelete.cpp:651:20: warning: declaration of ‘void operator delete(void*)’ has a different exception specifier
  651 | void NEWDEL_CCDECL operator delete( void *pRes )
      |                    ^~~~~~~~
In file included from /home/vitaly/p/Prime-World/pw/branches/r1117/Src/MemoryLib/../MemoryLib/newdelete.h:10,
                 from /home/vitaly/p/Prime-World/pw/branches/r1117/Src/MemoryLib/stdafx.h:19:
/usr/lib/gcc/x86_64-pc-linux-gnu/15/include/g++-v15/new:143:6: note: from previous declaration ‘void operator delete(void*) noexcept’
  143 | void operator delete(void*) _GLIBCXX_TXN_SAFE _GLIBCXX_USE_NOEXCEPT
      |      ^~~~~~~~
/home/vitaly/p/Prime-World/pw/branches/r1117/Src/MemoryLib/newdelete.cpp:691:20: warning: declaration of ‘void operator delete [](void*)’ has a different exception specifier
  691 | void NEWDEL_CCDECL operator delete[]( void * p )
      |                    ^~~~~~~~
/usr/lib/gcc/x86_64-pc-linux-gnu/15/include/g++-v15/new:145:6: note: from previous declaration ‘void operator delete [](void*) noexcept’
  145 | void operator delete[](void*) _GLIBCXX_TXN_SAFE _GLIBCXX_USE_NOEXCEPT
      |      ^~~~~~~~
/home/vitaly/p/Prime-World/pw/branches/r1117/Src/MemoryLib/newdelete.cpp:721:21: warning: declaration of ‘void* operator new(size_t, const std::nothrow_t&)’ has a different exception specifier
  721 | void *NEWDEL_CCDECL operator new(size_t size, const std::nothrow_t&)
      |                     ^~~~~~~~
/usr/lib/gcc/x86_64-pc-linux-gnu/15/include/g++-v15/new:155:26: note: from previous declaration ‘void* operator new(std::size_t, const std::nothrow_t&) noexcept’
  155 | _GLIBCXX_NODISCARD void* operator new(std::size_t, const std::nothrow_t&)
      |                          ^~~~~~~~
/home/vitaly/p/Prime-World/pw/branches/r1117/Src/MemoryLib/newdelete.cpp:726:21: warning: declaration of ‘void* operator new [](size_t, const std::nothrow_t&)’ has a different exception specifier
  726 | void *NEWDEL_CCDECL operator new[](size_t size, const std::nothrow_t&)
      |                     ^~~~~~~~
/usr/lib/gcc/x86_64-pc-linux-gnu/15/include/g++-v15/new:158:26: note: from previous declaration ‘void* operator new [](std::size_t, const std::nothrow_t&) noexcept’
  158 | _GLIBCXX_NODISCARD void* operator new[](std::size_t, const std::nothrow_t&)
      |                          ^~~~~~~~
/home/vitaly/p/Prime-World/pw/branches/r1117/Src/MemoryLib/newdelete.cpp:731:20: warning: declaration of ‘void operator delete(void*, const std::nothrow_t&)’ has a different exception specifier
  731 | void NEWDEL_CCDECL operator delete(void * p, const std::nothrow_t&)
      |                    ^~~~~~~~
/usr/lib/gcc/x86_64-pc-linux-gnu/15/include/g++-v15/new:161:6: note: from previous declaration ‘void operator delete(void*, const std::nothrow_t&) noexcept’
  161 | void operator delete(void*, const std::nothrow_t&)
      |      ^~~~~~~~
/home/vitaly/p/Prime-World/pw/branches/r1117/Src/MemoryLib/newdelete.cpp:736:20: warning: declaration of ‘void operator delete [](void*, const std::nothrow_t&)’ has a different exception specifier
  736 | void NEWDEL_CCDECL operator delete[](void * p, const std::nothrow_t&)
      |                    ^~~~~~~~
/usr/lib/gcc/x86_64-pc-linux-gnu/15/include/g++-v15/new:164:6: note: from previous declaration ‘void operator delete [](void*, const std::nothrow_t&) noexcept’
  164 | void operator delete[](void*, const std::nothrow_t&)
      |      ^~~~~~~~
/home/vitaly/p/Prime-World/pw/branches/r1117/Src/MemoryLib/newdelete.cpp: In function ‘bool ni_detail::AddMemoryCallback(TCommonMemoryCallback, bool)’:
/home/vitaly/p/Prime-World/pw/branches/r1117/Src/MemoryLib/newdelete.cpp:810:3: error: ‘LeaveCriticalSection’ was not declared in this scope
  810 |   LeaveCriticalSection( &g_block );
      |   ^~~~~~~~~~~~~~~~~~~~
/home/vitaly/p/Prime-World/pw/branches/r1117/Src/MemoryLib/newdelete.cpp: In function ‘bool ni_detail::RemoveMemoryCallback(TCommonMemoryCallback, bool)’:
/home/vitaly/p/Prime-World/pw/branches/r1117/Src/MemoryLib/newdelete.cpp:838:3: error: ‘LeaveCriticalSection’ was not declared in this scope
  838 |   LeaveCriticalSection( &g_block );
      |   ^~~~~~~~~~~~~~~~~~~~
/home/vitaly/p/Prime-World/pw/branches/r1117/Src/MemoryLib/newdelete.cpp: In instantiation of ‘void Free(void*) [with bool align = true]’:
/home/vitaly/p/Prime-World/pw/branches/r1117/Src/MemoryLib/newdelete.cpp:581:13:   required from here
  581 |   Free<true>(ptr);
      |   ~~~~~~~~~~^~~~~
/home/vitaly/p/Prime-World/pw/branches/r1117/Src/MemoryLib/newdelete.cpp:559:17: error: ‘__debugbreak’ was not declared in this scope
  559 |     __debugbreak(); //double free bug
      |     ~~~~~~~~~~~~^~
/home/vitaly/p/Prime-World/pw/branches/r1117/Src/MemoryLib/newdelete.cpp: In instantiation of ‘void Free(void*) [with bool align = false]’:
/home/vitaly/p/Prime-World/pw/branches/r1117/Src/MemoryLib/newdelete.cpp:586:14:   required from here
  586 |   Free<false>(p);
      |   ~~~~~~~~~~~^~~
/home/vitaly/p/Prime-World/pw/branches/r1117/Src/MemoryLib/newdelete.cpp:559:17: error: ‘__debugbreak’ was not declared in this scope
  559 |     __debugbreak(); //double free bug
      |     ~~~~~~~~~~~~^~
make[3]: *** [CMakeFiles/PrimeWorld.dir/build.make:709: CMakeFiles/PrimeWorld.dir/MemoryLib/newdelete.cpp.o] Error 1
make[2]: *** [CMakeFiles/Makefile2:87: CMakeFiles/PrimeWorld.dir/all] Error 2
make[1]: *** [CMakeFiles/Makefile2:94: CMakeFiles/PrimeWorld.dir/rule] Error 2
make: *** [Makefile:124: PrimeWorld] Error 2
