[  0%] Building CXX object CMakeFiles/PrimeWorld.dir/Network/RUDP/Rdp.cpp.o
In file included from /home/vitaly/p/Prime-World/pw/branches/r1117/Src/System/../System/Logger.h:7,
                 from /home/vitaly/p/Prime-World/pw/branches/r1117/Src/System/systemStdAfx.h:77,
                 from /home/vitaly/p/Prime-World/pw/branches/r1117/Src/Network/RUDP/stdafx.h:3,
                 from /home/vitaly/p/Prime-World/pw/branches/r1117/Src/Network/RUDP/Rdp.cpp:1:
/home/vitaly/p/Prime-World/pw/branches/r1117/Src/System/../System/MultiReaderLock.h:22:14: warning: ‘template<class> class std::auto_ptr’ is deprecated: use 'std::unique_ptr' instead [-Wdeprecated-declarations]
   22 |   const std::auto_ptr< MultiReaderLockImpl > impl_;
      |              ^~~~~~~~
In file included from /usr/lib/gcc/x86_64-pc-linux-gnu/15/include/g++-v15/memory:80,
                 from /home/vitaly/p/Prime-World/pw/branches/r1117/Src/System/../System/MultiReaderLock.h:3:
/usr/lib/gcc/x86_64-pc-linux-gnu/15/include/g++-v15/bits/unique_ptr.h:58:28: note: declared here
   58 |   template<typename> class auto_ptr;
      |                            ^~~~~~~~
In file included from /home/vitaly/p/Prime-World/pw/branches/r1117/Src/System/systemStdAfx.h:162:
/home/vitaly/p/Prime-World/pw/branches/r1117/Src/System/../System/ncircular_buffer.h:293:15: warning: ‘template<class _Category, class _Tp, class _Distance, class _Pointer, class _Reference> struct std::iterator’ is deprecated [-Wdeprecated-declarations]
  293 | : public std::iterator<std::random_access_iterator_tag,
      |               ^~~~~~~~
In file included from /usr/lib/gcc/x86_64-pc-linux-gnu/15/include/g++-v15/bits/stl_algobase.h:65,
                 from /usr/lib/gcc/x86_64-pc-linux-gnu/15/include/g++-v15/bits/specfun.h:43,
                 from /usr/lib/gcc/x86_64-pc-linux-gnu/15/include/g++-v15/cmath:3913,
                 from /usr/lib/gcc/x86_64-pc-linux-gnu/15/include/g++-v15/math.h:36,
                 from /home/vitaly/p/Prime-World/pw/branches/r1117/Src/System/Win32_linux.h:9,
                 from /home/vitaly/p/Prime-World/pw/branches/r1117/Src/System/config.h:51,
                 from /home/vitaly/p/Prime-World/pw/branches/r1117/Src/System/systemStdAfx.h:4:
/usr/lib/gcc/x86_64-pc-linux-gnu/15/include/g++-v15/bits/stl_iterator_base_types.h:129:34: note: declared here
  129 |     struct _GLIBCXX17_DEPRECATED iterator
      |                                  ^~~~~~~~
In file included from /home/vitaly/p/Prime-World/pw/branches/r1117/Src/Network/RUDP/Rdp.cpp:3:
/home/vitaly/p/Prime-World/pw/branches/r1117/Src/Network/RUDP/RdpLogic.h:62:5: error: ‘proto’ does not name a type
   62 |     proto::EPktType::Enum   pktType;
      |     ^~~~~
/home/vitaly/p/Prime-World/pw/branches/r1117/Src/Network/RUDP/RdpLogic.h:67:27: error: ‘proto’ has not been declared
   67 |     explicit IncomingPkt( proto::EPktType::Enum _pkt, unsigned _seqIdx, const ConnDescriptor & _descr ) :
      |                           ^~~~~
/home/vitaly/p/Prime-World/pw/branches/r1117/Src/Network/RUDP/RdpLogic.h:67:48: error: expected ‘)’ before ‘_pkt’
   67 |     explicit IncomingPkt( proto::EPktType::Enum _pkt, unsigned _seqIdx, const ConnDescriptor & _descr ) :
      |                         ~                      ^~~~~
      |                                                )
In file included from /home/vitaly/p/Prime-World/pw/branches/r1117/Src/Network/RUDP/Rdp.cpp:4:
/home/vitaly/p/Prime-World/pw/branches/r1117/Src/Network/RUDP/RdpPacket.h:33:15: error: ‘proto’ has not been declared
   33 |   void Setup( proto::EPktType::Enum _type, unsigned _srcMux, unsigned _destMux, unsigned _index, const void * _data, size_t _size );
      |               ^~~~~
/home/vitaly/p/Prime-World/pw/branches/r1117/Src/Network/RUDP/RdpPacket.h:33:37: error: expected ‘,’ or ‘...’ before ‘_type’
   33 |   void Setup( proto::EPktType::Enum _type, unsigned _srcMux, unsigned _destMux, unsigned _index, const void * _data, size_t _size );
      |                                     ^~~~~
/home/vitaly/p/Prime-World/pw/branches/r1117/Src/Network/RUDP/RdpPacket.h:36:21: error: ‘proto’ was not declared in this scope; did you mean ‘ni_udp::ni_udp::proto’?
   36 |   const std::vector<proto::Byte> & Bytes() const { return bytes; }
      |                     ^~~~~
      |                     ni_udp::ni_udp::proto
In file included from /home/vitaly/p/Prime-World/pw/branches/r1117/Src/Network/RUDP/RdpLogic.h:18:
/home/vitaly/p/Prime-World/pw/branches/r1117/Src/Network/RUDP/RdpProto.h:9:11: note: ‘ni_udp::ni_udp::proto’ declared here
    9 | namespace proto
      |           ^~~~~
/home/vitaly/p/Prime-World/pw/branches/r1117/Src/Network/RUDP/RdpPacket.h:36:32: error: template argument 1 is invalid
   36 |   const std::vector<proto::Byte> & Bytes() const { return bytes; }
      |                                ^
/home/vitaly/p/Prime-World/pw/branches/r1117/Src/Network/RUDP/RdpPacket.h:36:32: error: template argument 2 is invalid
/home/vitaly/p/Prime-World/pw/branches/r1117/Src/Network/RUDP/RdpPacket.h:37:9: error: ‘proto’ does not name a type
   37 |   const proto::Header * Hdr() const;
      |         ^~~~~
/home/vitaly/p/Prime-World/pw/branches/r1117/Src/Network/RUDP/RdpPacket.h:55:15: error: ‘proto’ was not declared in this scope; did you mean ‘ni_udp::ni_udp::proto’?
   55 |   std::vector<proto::Byte>  bytes;
      |               ^~~~~
      |               ni_udp::ni_udp::proto
/home/vitaly/p/Prime-World/pw/branches/r1117/Src/Network/RUDP/RdpProto.h:9:11: note: ‘ni_udp::ni_udp::proto’ declared here
    9 | namespace proto
      |           ^~~~~
/home/vitaly/p/Prime-World/pw/branches/r1117/Src/Network/RUDP/RdpPacket.h:55:26: error: template argument 1 is invalid
   55 |   std::vector<proto::Byte>  bytes;
      |                          ^
/home/vitaly/p/Prime-World/pw/branches/r1117/Src/Network/RUDP/RdpPacket.h:55:26: error: template argument 2 is invalid
/home/vitaly/p/Prime-World/pw/branches/r1117/Src/Network/RUDP/RdpPacket.h: In member function ‘size_t ni_udp::RdpPacket::Size() const’:
/home/vitaly/p/Prime-World/pw/branches/r1117/Src/Network/RUDP/RdpPacket.h:29:38: error: request for member ‘size’ in ‘((const ni_udp::RdpPacket*)this)->ni_udp::RdpPacket::bytes’, which is of non-class type ‘const int’
   29 |   size_t Size() const { return bytes.size(); }
      |                                      ^~~~
/home/vitaly/p/Prime-World/pw/branches/r1117/Src/Network/RUDP/RdpPacket.h: In member function ‘size_t ni_udp::RdpPacket::Capacity() const’:
/home/vitaly/p/Prime-World/pw/branches/r1117/Src/Network/RUDP/RdpPacket.h:30:42: error: request for member ‘capacity’ in ‘((const ni_udp::RdpPacket*)this)->ni_udp::RdpPacket::bytes’, which is of non-class type ‘const int’
   30 |   size_t Capacity() const { return bytes.capacity(); }
      |                                          ^~~~~~~~
/home/vitaly/p/Prime-World/pw/branches/r1117/Src/Network/RUDP/RdpPacket.h: In static member function ‘static size_t ni_udp::RdpPacket::PayloadToCapacity(size_t)’:
/home/vitaly/p/Prime-World/pw/branches/r1117/Src/Network/RUDP/RdpPacket.h:31:86: error: ‘proto’ has not been declared
   31 |   static inline size_t PayloadToCapacity( size_t _payloadCapacity ) { return sizeof( proto::Header ) + _payloadCapacity; }
      |                                                                                      ^~~~~
make[3]: *** [CMakeFiles/PrimeWorld.dir/build.make:1115: CMakeFiles/PrimeWorld.dir/Network/RUDP/Rdp.cpp.o] Error 1
make[2]: *** [CMakeFiles/Makefile2:87: CMakeFiles/PrimeWorld.dir/all] Error 2
make[1]: *** [CMakeFiles/Makefile2:94: CMakeFiles/PrimeWorld.dir/rule] Error 2
make: *** [Makefile:124: PrimeWorld] Error 2
