[  0%] Building CXX object CMakeFiles/PrimeWorld.dir/Network/RUDP/UdpAddr.cpp.o
/home/vitaly/p/Prime-World/pw/branches/r1117/Src/Network/RUDP/UdpAddr.cpp:213:1: warning: missing terminating " character
  213 | ",
      | ^
/home/vitaly/p/Prime-World/pw/branches/r1117/Src/Network/RUDP/UdpAddr.cpp:213:1: error: missing terminating " character
  213 | ",
      | ^~ 
/home/vitaly/p/Prime-World/pw/branches/r1117/Src/Network/RUDP/UdpAddr.cpp:216:2: error: ‘#endif’ without ‘#if’
  216 | #endif
      |  ^~~~~
In file included from /home/vitaly/p/Prime-World/pw/branches/r1117/Src/System/../System/Logger.h:7,
                 from /home/vitaly/p/Prime-World/pw/branches/r1117/Src/System/systemStdAfx.h:77,
                 from /home/vitaly/p/Prime-World/pw/branches/r1117/Src/Network/RUDP/stdafx.h:3,
                 from /home/vitaly/p/Prime-World/pw/branches/r1117/Src/Network/RUDP/UdpAddr.cpp:1:
/home/vitaly/p/Prime-World/pw/branches/r1117/Src/System/../System/MultiReaderLock.h:22:14: warning: ‘template<class> class std::auto_ptr’ is deprecated: use 'std::unique_ptr' instead [-Wdeprecated-declarations]
   22 |   const std::auto_ptr< MultiReaderLockImpl > impl_;
      |              ^~~~~~~~
In file included from /usr/lib/gcc/x86_64-pc-linux-gnu/15/include/g++-v15/memory:80,
                 from /home/vitaly/p/Prime-World/pw/branches/r1117/Src/System/../System/MultiReaderLock.h:3:
/usr/lib/gcc/x86_64-pc-linux-gnu/15/include/g++-v15/bits/unique_ptr.h:58:28: note: declared here
   58 |   template<typename> class auto_ptr;
      |                            ^~~~~~~~
In file included from /home/vitaly/p/Prime-World/pw/branches/r1117/Src/System/systemStdAfx.h:162:
/home/vitaly/p/Prime-World/pw/branches/r1117/Src/System/../System/ncircular_buffer.h:293:15: warning: ‘template<class _Category, class _Tp, class _Distance, class _Pointer, class _Reference> struct std::iterator’ is deprecated [-Wdeprecated-declarations]
  293 | : public std::iterator<std::random_access_iterator_tag,
      |               ^~~~~~~~
In file included from /usr/lib/gcc/x86_64-pc-linux-gnu/15/include/g++-v15/bits/stl_algobase.h:65,
                 from /usr/lib/gcc/x86_64-pc-linux-gnu/15/include/g++-v15/bits/specfun.h:43,
                 from /usr/lib/gcc/x86_64-pc-linux-gnu/15/include/g++-v15/cmath:3913,
                 from /usr/lib/gcc/x86_64-pc-linux-gnu/15/include/g++-v15/math.h:36,
                 from /home/vitaly/p/Prime-World/pw/branches/r1117/Src/System/Win32_linux.h:9,
                 from /home/vitaly/p/Prime-World/pw/branches/r1117/Src/System/config.h:51,
                 from /home/vitaly/p/Prime-World/pw/branches/r1117/Src/System/systemStdAfx.h:4:
/usr/lib/gcc/x86_64-pc-linux-gnu/15/include/g++-v15/bits/stl_iterator_base_types.h:129:34: note: declared here
  129 |     struct _GLIBCXX17_DEPRECATED iterator
      |                                  ^~~~~~~~
/home/vitaly/p/Prime-World/pw/branches/r1117/Src/Network/RUDP/UdpAddr.cpp: In member function ‘bool ni_udp::NetAddr::Set(const char*, unsigned int)’:
/home/vitaly/p/Prime-World/pw/branches/r1117/Src/Network/RUDP/UdpAddr.cpp:43:3: error: ‘addrinfo’ was not declared in this scope
   43 |   addrinfo hints;
      |   ^~~~~~~~
/home/vitaly/p/Prime-World/pw/branches/r1117/Src/Network/RUDP/UdpAddr.cpp:44:12: error: ‘hints’ was not declared in this scope
   44 |   memset( &hints, 0, sizeof( hints ) );
      |            ^~~~~
/home/vitaly/p/Prime-World/pw/branches/r1117/Src/Network/RUDP/UdpAddr.cpp:50:14: error: ‘info’ was not declared in this scope
   50 |   addrinfo * info = 0;
      |              ^~~~
/home/vitaly/p/Prime-World/pw/branches/r1117/Src/Network/RUDP/UdpAddr.cpp:51:18: error: ‘::getaddrinfo’ has not been declared
   51 |   int result = ::getaddrinfo( _addr, NI_STRFMT( "%d", _port ), &hints, &info );
      |                  ^~~~~~~~~~~
/home/vitaly/p/Prime-World/pw/branches/r1117/Src/Network/RUDP/UdpAddr.cpp:54:19: error: ‘i’ was not declared in this scope
   54 |   for( addrinfo * i = info; i; i = i->ai_next )
      |                   ^
/home/vitaly/p/Prime-World/pw/branches/r1117/Src/Network/RUDP/UdpAddr.cpp:59:7: error: ‘freeaddrinfo’ was not declared in this scope
   59 |       freeaddrinfo( info );
      |       ^~~~~~~~~~~~
/home/vitaly/p/Prime-World/pw/branches/r1117/Src/Network/RUDP/UdpAddr.cpp:64:3: error: ‘freeaddrinfo’ was not declared in this scope
   64 |   freeaddrinfo( info );
      |   ^~~~~~~~~~~~
/home/vitaly/p/Prime-World/pw/branches/r1117/Src/Network/RUDP/UdpAddr.cpp: At global scope:
/home/vitaly/p/Prime-World/pw/branches/r1117/Src/Network/RUDP/UdpAddr.cpp:214:10: error: expected ‘)’ before ‘>>’ token
  214 |     (addr >> 24) & 0xFF, (addr >> 16) & 0xFF,
      |     ~    ^~~
      |          )
/home/vitaly/p/Prime-World/pw/branches/r1117/Src/Network/RUDP/UdpAddr.cpp:217:3: error: ‘_buf’ does not name a type
  217 |   _buf[len] = 0;
      |   ^~~~
/home/vitaly/p/Prime-World/pw/branches/r1117/Src/Network/RUDP/UdpAddr.cpp:218:1: error: expected declaration before ‘}’ token
  218 | }
      | ^
/home/vitaly/p/Prime-World/pw/branches/r1117/Src/Network/RUDP/UdpAddr.cpp:220:1: error: expected declaration before ‘}’ token
  220 | } //namespace ni_udp
      | ^
/home/vitaly/p/Prime-World/pw/branches/r1117/Src/Network/RUDP/UdpAddr.cpp:221:1: error: ‘addr’ does not name a type; did you mean ‘in_addr’?
  221 | addr.s_net, (unsigned)sin_addr.s_host,
      | ^~~~
      | in_addr
/home/vitaly/p/Prime-World/pw/branches/r1117/Src/Network/RUDP/UdpAddr.cpp:223:3: error: ‘_buf’ does not name a type
  223 |   _buf[len] = 0;
      |   ^~~~
/home/vitaly/p/Prime-World/pw/branches/r1117/Src/Network/RUDP/UdpAddr.cpp:224:1: error: expected declaration before ‘}’ token
  224 | }
      | ^
/home/vitaly/p/Prime-World/pw/branches/r1117/Src/Network/RUDP/UdpAddr.cpp:226:1: error: expected declaration before ‘}’ token
  226 | } //namespace ni_udp
      | ^
make[3]: *** [CMakeFiles/PrimeWorld.dir/build.make:1353: CMakeFiles/PrimeWorld.dir/Network/RUDP/UdpAddr.cpp.o] Error 1
make[2]: *** [CMakeFiles/Makefile2:87: CMakeFiles/PrimeWorld.dir/all] Error 2
make[1]: *** [CMakeFiles/Makefile2:94: CMakeFiles/PrimeWorld.dir/rule] Error 2
make: *** [Makefile:124: PrimeWorld] Error 2
